data/saved_data/run_2025_05_06_2131_new_production_level_with_2000_households/firm_data.csv
Step,AgentID,FirmType,Profit,Inventory,ProductPrice,RevenuePerEmployee,ProductionLevel,NumEmployees,DemandReceived,InventoryDemandRatio,SellThroughRate,ProductionCapacity,Revenue,Costs,Markup,ProducedUnits,IncomeBracket,NumPeople,SpendRatio,PostTaxIncome,HouseholdExpense,HouseholdSavings,HealthLevel,Welfare,SkillLevel,SkillType,JobLevel,IsEmployed,Wage
4,4,necessity,-198610.39334601155,6622.6,42.87610328508212,4124.27279218409,0.0,64.0,8752.0,,,8206.0,259829.18590759762,458439.5792536092,0.35,0.0,,,,,,,,,,,,0,
11,4,necessity,49148.04607757134,13217.0,244.29524563499297,10810.064619348439,0.0,65.0,1888.0,,,8206.0,691844.1356383001,642696.0895607288,0.35,0.0,,,,,,,,,,,,0,
12,4,necessity,-595442.4756289865,11329.0,244.29524563499297,7095.83728859795,0.0,64.0,2714.0,,,8206.0,461229.42375886673,1056671.8993878532,0.35,0.0,,,,,,,,,,,,0,
13,4,necessity,20321.207092642202,8615.0,244.29524563499297,10359.645260208921,0.0,65.0,1652.0,,,8206.0,663017.296653371,642696.0895607288,0.35,0.0,,,,,,,,,,,,0,
14,4,necessity,-734937.8357332053,6963.0,244.29524563499297,6208.857627523206,0.0,64.0,2360.0,,,8206.0,403575.7457890084,1138513.5815222138,0.35,0.0,,,,,,,,,,,,0,
15,4,necessity,-66159.30986214534,4603.0,244.29524563499297,9008.387182790366,0.0,65.0,2242.0,,,8206.0,576536.7796985834,642696.0895607288,0.35,0.0,,,,,,,,,,,,0,
22,4,necessity,-822311.6463703886,1864.0,8803.460138817452,7095.3260820319765,0.0,66.0,40.0,,,8206.0,475386.84749614244,1297698.493866531,0.35,0.0,,,,,,,,,,,,0,
23,4,necessity,-664488.7690803527,1824.0,8803.460138817452,5335.430387162092,0.0,65.0,78.0,,,8206.0,352138.40555269807,1016627.1746330508,0.35,0.0,,,,,,,,,,,,0,
24,4,necessity,-48177.3327090221,1746.0,8803.460138817452,10564.152166580943,0.0,66.0,120.0,,,8206.0,686669.8908277613,734847.2235367834,0.35,0.0,,,,,,,,,,,,0,
25,4,necessity,72300.91472367675,1626.0,8803.460138817452,16006.291161486275,0.0,67.0,121.0,,,8206.0,1056415.2166580942,984114.3019344175,0.35,0.0,,,,,,,,,,,,0,
26,4,necessity,-178968.2208123745,1505.0,8803.460138817452,15898.78622084943,0.0,66.0,65.0,,,8206.0,1065218.6767969117,1244186.8976092862,0.35,0.0,,,,,,,,,,,,0,
27,4,necessity,-422694.91018851777,1440.0,8803.460138817452,8670.0743791384,0.0,65.0,137.0,,,8206.0,572224.9090231344,994919.8192116522,0.35,0.0,,,,,,,,,,,,0,
28,4,necessity,471226.81548120757,1303.0,8803.460138817452,18554.9852156614,0.0,66.0,67.0,,,8206.0,1206074.039017991,734847.2235367834,0.35,0.0,,,,,,,,,,,,0,
29,4,necessity,-457777.21160093555,1236.0,8803.460138817452,8936.845898496504,0.0,65.0,126.0,,,8206.0,589831.8293007693,1047609.0409017048,0.35,0.0,,,,,,,,,,,,0,
30,4,necessity,374388.7539542157,1110.0,8803.460138817452,17065.16888447691,0.0,66.0,95.0,,,8206.0,1109235.977490999,734847.2235367834,0.35,0.0,,,,,,,,,,,,0,
31,4,necessity,-154146.21305693476,1015.0,8803.460138817452,12671.64716950997,0.0,65.0,240.0,,,8206.0,836328.713187658,990474.9262445928,0.35,0.0,,,,,,,,,,,,0,
32,4,necessity,1377983.209779405,775.0,8803.460138817452,32505.083589479822,0.0,66.0,153.0,,,8206.0,2112830.4333161884,734847.2235367834,0.35,0.0,,,,,,,,,,,,0,
33,4,necessity,364529.374463446,622.0,8803.460138817452,20408.021230895003,0.0,65.0,72.0,,,8206.0,1346929.40123907,982400.0267756241,0.35,0.0,,,,,,,,,,,,0,
34,4,necessity,-100998.09354192682,550.0,8803.460138817452,9751.525076843947,0.0,64.0,75.0,,,8206.0,633849.1299948565,734847.2235367834,0.35,0.0,,,,,,,,,,,,0,
35,4,necessity,102071.91503186733,475.0,8803.460138817452,10316.554850176703,0.0,65.0,109.0,,,8206.0,660259.510411309,558187.5953794416,0.35,0.0,,,,,,,,,,,,0,
36,4,necessity,138520.41786379227,366.0,8803.460138817452,14762.72546355542,0.0,66.0,131.0,,,8206.0,959577.1551311023,821056.73726731,0.35,0.0,,,,,,,,,,,,0,
37,4,necessity,70673.54418234434,235.0,8803.460138817452,17473.534517955854,0.0,67.0,168.0,,,8206.0,1153253.2781850863,1082579.734002742,0.35,0.0,,,,,,,,,,,,0,
4,8,necessity,-87026.8531504129,3720.0,44.29029128072997,4575.943265004198,0.0,83.0,11079.0,,,7480.0,375227.3477303443,462254.2008807572,0.35,0.0,,,,,,,,,,,,0,
14,8,necessity,201446.33108619915,10646.0,123.56105193655198,7038.459434093101,0.0,83.0,21556.0,,,7480.0,577153.6735956343,375707.34250943514,0.35,0.0,,,,,,,,,,,,0,
21,8,necessity,19398.269011613098,7211.0,291.5423461432588,6954.865606790992,0.0,84.0,1287.0,,,7480.0,577253.8453636523,557855.5763520392,0.35,0.0,,,,,,,,,,,,0,
22,8,necessity,-434354.08104757156,5924.0,291.5423461432588,4466.845231980643,0.0,83.0,2574.0,,,7480.0,375214.999486374,809569.0805339456,0.35,0.0,,,,,,,,,,,,0,
23,8,necessity,192574.42262070882,3350.0,291.5423461432588,9041.32528882829,0.0,84.0,1386.0,,,7480.0,750429.998972748,557855.5763520392,0.35,0.0,,,,,,,,,,,,0,
29,8,necessity,1180109.0420680624,1295.0,4951.4661493450185,20939.332752049417,0.0,84.0,211.0,,,7480.0,1737964.6184201015,557855.5763520392,0.35,0.0,,,,,,,,,,,,0,
30,8,necessity,220161.34075485636,1084.0,4951.4661493450185,12437.611398949986,0.0,83.0,234.0,,,7480.0,1044759.3575117989,824598.0167569425,0.35,0.0,,,,,,,,,,,,0,
31,8,necessity,600787.5025946951,850.0,4951.4661493450185,13959.555168032943,0.0,84.0,86.0,,,7480.0,1158643.0789467343,557855.5763520392,0.35,0.0,,,,,,,,,,,,0,
32,8,necessity,-411468.5209249334,764.0,4951.4661493450185,5069.3582005199005,0.0,83.0,80.0,,,7480.0,425826.0888436716,837294.609768605,0.35,0.0,,,,,,,,,,,,0,
33,8,necessity,-161738.28440443776,684.0,4951.4661493450185,4772.4974933445965,0.0,82.0,178.0,,,7480.0,396117.2919476015,557855.5763520392,0.35,0.0,,,,,,,,,,,,0,
34,8,necessity,499063.9667239797,506.0,4951.4661493450185,10748.304568090407,0.0,83.0,310.0,,,7480.0,881360.9745834133,382297.00785943365,0.35,0.0,,,,,,,,,,,,0,
35,8,necessity,872631.3284227499,196.0,4951.4661493450185,18493.427786710312,0.0,84.0,241.0,,,7480.0,1534954.5062969557,662323.1778742059,0.35,0.0,,,,,,,,,,,,0,
4,10,necessity,-100803.96590255486,3017.7999999999993,70.99209184050393,3453.73492953973,0.0,118.0,8131.0,,,5638.0,404086.9867561484,504890.95265870326,0.35,0.0,,,,,,,,,,,,0,
17,10,necessity,-413963.62303407874,4463.0,1187.9754869006883,7642.6422990610945,0.0,121.0,725.0,,,5638.0,917117.0758873314,1331080.6989214101,0.35,0.0,,,,,,,,,,,,0,
18,10,necessity,-790711.5240796335,3738.0,1187.9754869006883,7118.034942173546,0.0,120.0,749.0,,,5638.0,861282.2280029991,1651993.7520826326,0.35,0.0,,,,,,,,,,,,0,
19,10,necessity,-295361.99259540776,2989.0,1187.9754869006883,7414.94699740513,0.0,121.0,749.0,,,5638.0,889793.6396886156,1185155.6322840233,0.35,0.0,,,,,,,,,,,,0,
20,10,necessity,-742088.8284284674,2240.0,1187.9754869006883,7353.666443707567,0.0,120.0,532.0,,,5638.0,889793.6396886156,1631882.468117083,0.35,0.0,,,,,,,,,,,,0,
21,10,necessity,-553152.6732528572,1708.0,1187.9754869006883,5266.691325259718,0.0,119.0,363.0,,,5638.0,632002.9590311662,1185155.6322840233,0.35,0.0,,,,,,,,,,,,0,
22,10,necessity,-471359.21837237215,1345.0,1187.9754869006883,3623.8243844113435,0.0,118.0,385.0,,,5638.0,431235.1017449499,902594.320117322,0.35,0.0,,,,,,,,,,,,0,
23,10,necessity,-124310.7044993345,960.0,1187.9754869006883,3876.0217157352968,0.0,119.0,434.0,,,5638.0,457370.56245676504,581681.2669560995,0.35,0.0,,,,,,,,,,,,0,
28,10,necessity,-132196.19576015673,479.0,66312.28911180938,6129.707396889943,0.0,120.0,9.0,,,5638.0,729435.1802299032,861631.3759900599,0.35,0.0,,,,,,,,,,,,0,
29,10,necessity,-533300.5033870545,470.0,66312.28911180938,4973.421683385704,0.0,119.0,15.0,,,5638.0,596810.6020062844,1130111.105393339,0.35,0.0,,,,,,,,,,,,0,
30,10,necessity,133052.96068708086,455.0,66312.28911180938,8358.691904849922,0.0,120.0,9.0,,,5638.0,994684.3366771408,861631.3759900599,0.35,0.0,,,,,,,,,,,,0,
31,10,necessity,-575660.2054213652,446.0,66312.28911180938,4973.421683385704,0.0,119.0,12.0,,,5638.0,596810.6020062844,1172470.8074276496,0.35,0.0,,,,,,,,,,,,0,
32,10,necessity,-96773.2290519767,434.0,66312.28911180938,6686.953523879937,0.0,120.0,11.0,,,5638.0,795747.4693417125,892520.6983936892,0.35,0.0,,,,,,,,,,,,0,
33,10,necessity,-441719.94486895227,423.0,66312.28911180938,6078.62650191586,0.0,119.0,11.0,,,5638.0,729435.1802299032,1171155.1250988555,0.35,0.0,,,,,,,,,,,,0,
34,10,necessity,-163085.51816378604,412.0,66312.28911180938,6129.707396889943,0.0,120.0,5.0,,,5638.0,729435.1802299032,892520.6983936892,0.35,0.0,,,,,,,,,,,,0,
35,10,necessity,-856342.814656199,407.0,66312.28911180938,2763.012046325391,0.0,119.0,8.0,,,5638.0,331561.44555904693,1187904.260215246,0.35,0.0,,,,,,,,,,,,0,
36,10,necessity,-362022.3854992142,399.0,66312.28911180938,4457.969015919958,0.0,120.0,11.0,,,5638.0,530498.3128944751,892520.6983936892,0.35,0.0,,,,,,,,,,,,0,
37,10,necessity,-453416.2404051488,388.0,66312.28911180938,6078.62650191586,0.0,121.0,14.0,,,5638.0,729435.1802299032,1182851.420635052,0.35,0.0,,,,,,,,,,,,0,
38,10,necessity,-714686.5696835449,374.0,66312.28911180938,7672.496260870507,0.0,122.0,18.0,,,5638.0,928372.0475653313,1643058.6172488763,0.35,0.0,,,,,,,,,,,,0,
39,10,necessity,-667078.4101948941,356.0,66312.28911180938,9783.780360758761,0.0,123.0,12.0,,,5638.0,1193621.2040125688,1860699.6142074629,0.35,0.0,,,,,,,,,,,,0,
40,10,necessity,-1334187.5676435456,344.0,66312.28911180938,6469.491620664329,0.0,122.0,4.0,,,5638.0,795747.4693417125,2129935.036985258,0.35,0.0,,,,,,,,,,,,0,
41,10,necessity,-1404478.6839241963,340.0,66312.28911180938,2174.173413501947,0.0,121.0,10.0,,,5638.0,265249.15644723753,1669727.8403714339,0.35,0.0,,,,,,,,,,,,0,
4,16,necessity,-219719.6394711992,4183.9,76.7149150014598,3606.970914265065,0.0,55.0,4890.0,,,4119.0,201990.37119884364,421710.01067004283,0.35,0.0,,,,,,,,,,,,0,
14,16,necessity,-535084.7620245074,1692.0,17567.664203412372,5149.142956172592,0.0,59.0,41.0,,,4119.0,298650.2914580103,833735.0534825177,0.35,0.0,,,,,,,,,,,,0,
15,16,necessity,-376385.13009146426,1651.0,17567.664203412372,12208.037836269616,0.0,60.0,35.0,,,4119.0,720274.2323399073,1096659.3624313716,0.35,0.0,,,,,,,,,,,,0,
16,16,necessity,-888734.2270687234,1616.0,17567.664203412372,10247.804118657217,0.0,59.0,47.0,,,4119.0,614868.247119433,1503602.4741881564,0.35,0.0,,,,,,,,,,,,0,
17,16,necessity,-270979.1448709901,1569.0,17567.664203412372,13994.579958650535,0.0,60.0,40.0,,,4119.0,825680.2175603815,1096659.3624313716,0.35,0.0,,,,,,,,,,,,0,
18,16,necessity,-798836.8313339197,1529.0,17567.664203412372,11711.776135608246,0.0,59.0,32.0,,,4119.0,702706.5681364948,1501543.3994704145,0.35,0.0,,,,,,,,,,,,0,
19,16,necessity,-534494.1079221757,1497.0,17567.664203412372,9528.224652698236,0.0,58.0,54.0,,,4119.0,562165.2545091959,1096659.3624313716,0.35,0.0,,,,,,,,,,,,0,
20,16,necessity,114918.81350175035,1443.0,17567.664203412372,16356.101154901173,0.0,59.0,79.0,,,4119.0,948653.8669842681,833735.0534825177,0.35,0.0,,,,,,,,,,,,0,
21,16,necessity,304660.1522118307,1364.0,17567.664203412372,23522.80461134877,0.0,60.0,39.0,,,4119.0,1387845.4720695773,1083185.3198577466,0.35,0.0,,,,,,,,,,,,0,
22,16,necessity,-838862.9935216862,1325.0,17567.664203412372,11418.98173221804,0.0,59.0,47.0,,,4119.0,685138.9039330825,1524001.8974547687,0.35,0.0,,,,,,,,,,,,0,
23,16,necessity,-257505.10229736508,1278.0,17567.664203412372,13994.579958650535,0.0,60.0,37.0,,,4119.0,825680.2175603815,1083185.3198577466,0.35,0.0,,,,,,,,,,,,0,
24,16,necessity,-836741.218811759,1241.0,17567.664203412372,10833.392925437629,0.0,59.0,37.0,,,4119.0,650003.5755262577,1486744.7943380168,0.35,0.0,,,,,,,,,,,,0,
25,16,necessity,-433181.74433148885,1204.0,17567.664203412372,11017.009754682334,0.0,60.0,14.0,,,4119.0,650003.5755262577,1083185.3198577466,0.35,0.0,,,,,,,,,,,,0,
26,16,necessity,-1256127.4937737621,1190.0,17567.664203412372,4099.121647462887,0.0,59.0,50.0,,,4119.0,245947.29884777323,1502074.7926215355,0.35,0.0,,,,,,,,,,,,0,
27,16,necessity,-204802.109687128,1140.0,17567.664203412372,14887.851019840993,0.0,60.0,16.0,,,4119.0,878383.2101706186,1083185.3198577466,0.35,0.0,,,,,,,,,,,,0,
28,16,necessity,-1223212.881038284,1124.0,17567.664203412372,4684.710454243299,0.0,59.0,27.0,,,4119.0,281082.62725459796,1504295.508292882,0.35,0.0,,,,,,,,,,,,0,
29,16,necessity,-608858.3863656125,1097.0,17567.664203412372,8039.439550714136,0.0,60.0,34.0,,,4119.0,474326.93349213403,1083185.3198577466,0.35,0.0,,,,,,,,,,,,0,
30,16,necessity,-920518.8494293853,1063.0,17567.664203412372,9955.009715267011,0.0,61.0,21.0,,,4119.0,597300.5829160206,1517819.432345406,0.35,0.0,,,,,,,,,,,,0,
31,16,necessity,-1324895.287646807,1042.0,17567.664203412372,6047.884397896063,0.0,60.0,68.0,,,4119.0,368920.94827165984,1693816.235918467,0.35,0.0,,,,,,,,,,,,0,
32,16,necessity,-64580.95759876631,974.0,17567.664203412372,19910.019430534023,0.0,61.0,45.0,,,4119.0,1194601.1658320413,1259182.1234308076,0.35,0.0,,,,,,,,,,,,0,
33,16,necessity,-882134.0596076456,929.0,17567.664203412372,12959.752281205849,0.0,60.0,59.0,,,4119.0,790544.8891535568,1672678.9487612024,0.35,0.0,,,,,,,,,,,,0,
34,16,necessity,-222689.9354294776,870.0,17567.664203412372,17274.869800022167,0.0,61.0,71.0,,,4119.0,1036492.18800133,1259182.1234308076,0.35,0.0,,,,,,,,,,,,0,
35,16,necessity,-420539.1722973981,799.0,17567.664203412372,20447.609154791448,0.0,62.0,71.0,,,4119.0,1247304.1584422784,1667843.3307396765,0.35,0.0,,,,,,,,,,,,0,
36,16,necessity,-676866.5852403089,728.0,17567.664203412372,20117.80900713352,0.0,61.0,97.0,,,4119.0,1247304.1584422784,1924170.7436825873,0.35,0.0,,,,,,,,,,,,0,
37,16,necessity,188553.8913572817,631.0,17567.664203412372,27935.46602837705,0.0,62.0,92.0,,,4119.0,1704063.4277310001,1515509.5363737184,0.35,0.0,,,,,,,,,,,,0,
38,16,necessity,-323343.6864928878,539.0,17567.664203412372,26068.146882482877,0.0,61.0,64.0,,,4119.0,1616225.1067139383,1939568.793206826,0.35,0.0,,,,,,,,,,,,0,
39,16,necessity,-391179.0273553266,475.0,17567.664203412372,18431.647688826095,0.0,60.0,54.0,,,4119.0,1124330.5090183918,1515509.5363737184,0.35,0.0,,,,,,,,,,,,0,
40,16,necessity,-317405.40301422135,421.0,17567.664203412372,15810.897783071134,0.0,59.0,98.0,,,4119.0,948653.8669842681,1266059.2699984894,0.35,0.0,,,,,,,,,,,,0,
41,16,necessity,711899.2348788338,323.0,17567.664203412372,29180.18799888835,0.0,60.0,87.0,,,4119.0,1721631.0919344125,1009731.8570555787,0.35,0.0,,,,,,,,,,,,0,
4,17,necessity,-111121.61367350741,3547.0,69.14957863163342,7400.777979703535,0.0,40.0,6261.0,,,4290.0,288630.34120843787,399751.9548819453,0.35,0.0,,,,,,,,,,,,0,
17,17,necessity,-431968.482697397,4099.0,879.2065563291483,4989.497207167917,0.0,39.0,97.0,,,4290.0,199579.88828671665,631548.3709841137,0.35,0.0,,,,,,,,,,,,0,
18,17,necessity,-280858.71812890377,4002.0,879.2065563291483,2186.744511895574,0.0,38.0,948.0,,,4290.0,85283.03596392738,366141.75409283116,0.35,0.0,,,,,,,,,,,,0,
19,17,necessity,645892.2823468382,3054.0,879.2065563291483,21933.889878948226,0.0,39.0,1276.0,,,4290.0,833487.8154000326,187595.53305319446,0.35,0.0,,,,,,,,,,,,0,
20,17,necessity,713891.8554780406,1778.0,879.2065563291483,28765.83502246136,0.0,40.0,431.0,,,4290.0,1121867.565875993,407975.7103979524,0.35,0.0,,,,,,,,,,,,0,
21,17,necessity,-178493.49881562608,1347.0,879.2065563291483,9473.450644446573,0.0,39.0,130.0,,,4290.0,378938.02577786293,557431.524593489,0.35,0.0,,,,,,,,,,,,0,
22,17,necessity,-222754.4949259418,1217.0,879.2065563291483,2930.688521097161,0.0,38.0,239.0,,,4290.0,114296.85232278927,337051.34724873106,0.35,0.0,,,,,,,,,,,,0,
23,17,necessity,22534.833909471985,978.0,879.2065563291483,5529.746499017539,0.0,39.0,556.0,,,4290.0,210130.36696266645,187595.53305319446,0.35,0.0,,,,,,,,,,,,0,
34,17,necessity,-110340.70633684838,169.0,30551.896190822037,6267.055628886572,0.0,38.0,14.0,,,4290.0,244415.1695265763,354755.8758634247,0.35,0.0,,,,,,,,,,,,0,
35,17,necessity,240131.01361831406,155.0,30551.896190822037,11255.961754513382,0.0,39.0,26.0,,,4290.0,427726.5466715085,187595.53305319446,0.35,0.0,,,,,,,,,,,,0,
36,17,necessity,365042.4159278374,129.0,30551.896190822037,20367.930793881358,0.0,40.0,16.0,,,4290.0,794349.3009613729,429306.8850335355,0.35,0.0,,,,,,,,,,,,0,
37,17,necessity,-117178.19550078805,113.0,30551.896190822037,12220.758476328814,0.0,39.0,33.0,,,4290.0,488830.3390531526,606008.5345539406,0.35,0.0,,,,,,,,,,,,0,
38,17,necessity,643915.3917235276,80.0,30551.896190822037,25851.604469157108,0.0,40.0,22.0,,,4290.0,1008212.5742971272,364297.18257359957,0.35,0.0,,,,,,,,,,,,0,
39,17,necessity,86231.34573287319,58.0,30551.896190822037,16803.542904952123,0.0,39.0,53.0,,,4290.0,672141.7161980849,585910.3704652117,0.35,0.0,,,,,,,,,,,,0,
