data/saved_data/run_2025_05_06_2131_new_production_level_with_2000_households/firm_data.csv
Step,AgentID,FirmType,Profit,Inventory,ProductPrice,RevenuePerEmployee,ProductionLevel,NumEmployees,DemandReceived,InventoryDemandRatio,SellThroughRate,ProductionCapacity,Revenue,Costs,Markup,ProducedUnits,IncomeBracket,NumPeople,SpendRatio,PostTaxIncome,HouseholdExpense,HouseholdSavings,HealthLevel,Welfare,SkillLevel,SkillType,JobLevel,IsEmployed,Wage
4,26,necessity,-1306.8322420261102,836.6999999999998,88.79445929409131,15631.524604897326,0.0,25.0,4225.0,,,3877.0,375156.5905175358,376463.4227595619,0.35,0.0,,,,,,,,,,,,0,
12,26,necessity,-383555.84825218574,2059.0,2840.9821189996105,15297.596025382518,0.0,27.0,40.0,,,3877.0,397737.49665994546,781293.3449121312,0.35,0.0,,,,,,,,,,,,0,
13,26,necessity,-1068455.8023905815,2019.0,2840.9821189996105,4208.862398517942,0.0,26.0,250.0,,,3877.0,113639.28475998442,1182095.0871505658,0.35,0.0,,,,,,,,,,,,0,
14,26,necessity,-71047.81516222854,1769.0,2840.9821189996105,27317.13575961164,0.0,27.0,140.0,,,3877.0,710245.5297499027,781293.3449121312,0.35,0.0,,,,,,,,,,,,0,
15,26,necessity,-738406.8818843325,1629.0,2840.9821189996105,14731.018394812794,0.0,26.0,190.0,,,3877.0,397737.49665994546,1136144.378544278,0.35,0.0,,,,,,,,,,,,0,
16,26,necessity,-241506.74230220518,1439.0,2840.9821189996105,20761.023177304847,0.0,27.0,60.0,,,3877.0,539786.602609926,781293.3449121312,0.35,0.0,,,,,,,,,,,,0,
17,26,necessity,-990471.8512500449,1379.0,2840.9821189996105,6313.293597776913,0.0,26.0,140.0,,,3877.0,170458.92713997664,1160930.7783900215,0.35,0.0,,,,,,,,,,,,0,
18,26,necessity,-383555.84825218574,1239.0,2840.9821189996105,15297.596025382518,0.0,27.0,260.0,,,3877.0,397737.49665994546,781293.3449121312,0.35,0.0,,,,,,,,,,,,0,
19,26,necessity,-413588.7076419119,979.0,2840.9821189996105,27357.60559036662,0.0,28.0,290.0,,,3877.0,738655.3509398988,1152244.0585818107,0.35,0.0,,,,,,,,,,,,0,
20,26,necessity,-484981.6314835672,689.0,2840.9821189996105,29424.457661067394,0.0,29.0,230.0,,,3877.0,823884.814509887,1308866.4459934542,0.35,0.0,,,,,,,,,,,,0,
21,26,necessity,-886083.1180450957,459.0,2840.9821189996105,22531.927150686566,0.0,28.0,170.0,,,3877.0,653425.8873699104,1539509.005415006,0.35,0.0,,,,,,,,,,,,0,
22,26,necessity,-685591.331515393,289.0,2840.9821189996105,17248.820008211922,0.0,27.0,235.0,,,3877.0,482966.9602299338,1168558.2917453267,0.35,0.0,,,,,,,,,,,,0,
28,26,necessity,-803397.9308401374,173.0,33010.85562714856,12968.55042495122,0.0,27.0,24.0,,,3877.0,363119.41189863416,1166517.3427387716,0.35,0.0,,,,,,,,,,,,0,
29,26,necessity,-145655.19727220922,149.0,33010.85562714856,29342.982779687605,0.0,28.0,8.0,,,3877.0,792260.5350515654,937915.7323237746,0.35,0.0,,,,,,,,,,,,0,
30,26,necessity,-1062230.8902052161,141.0,33010.85562714856,9431.673036328159,0.0,27.0,7.0,,,3877.0,264086.84501718846,1326317.7352224046,0.35,0.0,,,,,,,,,,,,0,
31,26,necessity,-706839.7429337347,134.0,33010.85562714856,8558.369977408885,0.0,26.0,16.0,,,3877.0,231075.9893900399,937915.7323237746,0.35,0.0,,,,,,,,,,,,0,
32,26,necessity,-168377.48069271538,118.0,33010.85562714856,20314.37269362988,0.0,27.0,20.0,,,3877.0,528173.6900343769,696551.1707270923,0.35,0.0,,,,,,,,,,,,0,
33,26,necessity,-277571.6560693837,98.0,33010.85562714856,24452.485649739672,0.0,28.0,25.0,,,3877.0,660217.1125429712,937788.7686123549,0.35,0.0,,,,,,,,,,,,0,
34,26,necessity,-477733.7423509067,73.0,33010.85562714856,29473.9782385255,0.0,29.0,5.0,,,3877.0,825271.3906787139,1303005.1330296206,0.35,0.0,,,,,,,,,,,,0,
35,26,necessity,-1347395.3898941905,68.0,33010.85562714856,5691.526832266993,0.0,28.0,24.0,,,3877.0,165054.2781357428,1512449.6680299332,0.35,0.0,,,,,,,,,,,,0,
36,26,necessity,-354972.768561102,44.0,33010.85562714856,28295.019108984477,0.0,29.0,26.0,,,3877.0,792260.5350515654,1147233.3036126674,0.35,0.0,,,,,,,,,,,,0,
40,26,necessity,-483430.7366284046,21.0,105104.2448726473,22522.33818699585,0.0,29.0,7.0,,,3877.0,630625.4692358838,1114056.2058642884,0.35,0.0,,,,,,,,,,,,0,
41,26,necessity,-607244.2036247986,14.0,105104.2448726473,25369.990141673483,0.0,30.0,5.0,,,3877.0,735729.714108531,1342973.9177333296,0.35,0.0,,,,,,,,,,,,0,
4,29,necessity,-189176.83468299857,5059.200000000001,63.50919893256948,4208.807537593823,0.0,49.0,4999.0,,,5042.0,202022.76180450353,391199.5964875021,0.35,0.0,,,,,,,,,,,,0,
10,29,necessity,-515698.68847670156,6070.0,1122.5480167339276,6308.719854044673,0.0,51.0,204.0,,,5042.0,315435.99270223366,831134.6811789352,0.35,0.0,,,,,,,,,,,,0,
11,29,necessity,-1000070.4597190608,5866.0,1122.5480167339276,4490.1920669357105,0.0,50.0,128.0,,,5042.0,228999.79541372124,1229070.255132782,0.35,0.0,,,,,,,,,,,,0,
12,29,necessity,-687448.5350369925,5738.0,1122.5480167339276,2873.7229228388546,0.0,49.0,689.0,,,5042.0,143686.14614194274,831134.6811789352,0.35,0.0,,,,,,,,,,,,0,
13,29,necessity,178017.90735124296,5049.0,1122.5480167339276,15784.39966387094,0.0,50.0,461.0,,,5042.0,773435.5835296761,595417.6761784331,0.35,0.0,,,,,,,,,,,,0,
14,29,necessity,-312550.4704615705,4588.0,1122.5480167339276,10349.892714286812,0.0,49.0,375.0,,,5042.0,517494.63571434066,830045.1061759111,0.35,0.0,,,,,,,,,,,,0,
15,29,necessity,-174462.16990321025,4213.0,1122.5480167339276,8590.928699494345,0.0,48.0,435.0,,,5042.0,420955.50627522287,595417.6761784331,0.35,0.0,,,,,,,,,,,,0,
16,29,necessity,155463.96807460225,3778.0,1122.5480167339276,10173.09140165122,0.0,49.0,230.0,,,5042.0,488308.3872792585,332844.41920465627,0.35,0.0,,,,,,,,,,,,0,
17,29,necessity,-353799.95761240146,3548.0,1122.5480167339276,5269.102935689864,0.0,48.0,384.0,,,5042.0,258186.04384880335,611986.0014612048,0.35,0.0,,,,,,,,,,,,0,
18,29,necessity,98214.01922117197,3164.0,1122.5480167339276,8980.384133871421,0.0,49.0,358.0,,,5042.0,431058.43842582824,332844.41920465627,0.35,0.0,,,,,,,,,,,,0,
19,29,necessity,-212361.64505315875,2806.0,1122.5480167339276,8201.473265117267,0.0,48.0,563.0,,,5042.0,401872.1899907461,614233.8350439048,0.35,0.0,,,,,,,,,,,,0,
20,29,necessity,299150.114216545,2243.0,1122.5480167339276,13166.55277960836,0.0,49.0,563.0,,,5042.0,631994.5334212013,332844.41920465627,0.35,0.0,,,,,,,,,,,,0,
21,29,necessity,80444.9357031195,1680.0,1122.5480167339276,12897.847620840843,0.0,48.0,358.0,,,5042.0,631994.5334212013,551549.5977180818,0.35,0.0,,,,,,,,,,,,0,
22,29,necessity,69027.77078608982,1322.0,1122.5480167339276,8372.337291473877,0.0,47.0,307.0,,,5042.0,401872.1899907461,332844.41920465627,0.35,0.0,,,,,,,,,,,,0,
23,29,necessity,175144.97582936523,1015.0,1122.5480167339276,7332.38810930459,0.0,46.0,408.0,,,5042.0,344622.24113731575,169477.26530795053,0.35,0.0,,,,,,,,,,,,0,
24,29,necessity,-2274998.4091725573,607.0,1122.5480167339276,9956.512844074836,0.0,47.0,358.0,,,5042.0,457999.5908274425,2732998.0,0.35,0.0,,,,,,,,,,,,0,
4,30,necessity,-242733.047330804,4949.7,71.6106574811977,3464.523608940345,0.0,51.0,2418.0,,,4527.0,173226.18044701725,415959.22777782124,0.35,0.0,,,,,,,,,,,,0,
5,30,necessity,-410262.607902377,2531.7,71.6106574811977,3395.1876429320796,0.0,50.0,14532.0,,,4527.0,173154.56978953606,583417.1776919131,0.35,0.0,,,,,,,,,,,,0,
13,30,necessity,-639519.2479269893,4769.0,525.1563098815811,11365.175234607048,0.0,54.0,1313.0,,,4527.0,602354.2874341735,1241873.5353611629,0.35,0.0,,,,,,,,,,,,0,
16,30,necessity,-824819.2115599257,3220.0,19479.521665021104,9018.2970671394,0.0,55.0,24.0,,,4527.0,486988.0416255276,1311807.2531854534,0.35,0.0,,,,,,,,,,,,0,
17,30,necessity,-1217315.985783529,3196.0,19479.521665021104,8500.154908372844,0.0,54.0,48.0,,,4527.0,467508.51996050647,1684824.5057440356,0.35,0.0,,,,,,,,,,,,0,
18,30,necessity,-376790.2132644404,3148.0,19479.521665021104,17315.13036890765,0.0,55.0,15.0,,,4527.0,935017.0399210129,1311807.2531854534,0.35,0.0,,,,,,,,,,,,0,
19,30,necessity,-1437382.0042881742,3133.0,19479.521665021104,5312.596817733029,0.0,54.0,12.0,,,4527.0,292192.8249753166,1729574.8292634909,0.35,0.0,,,,,,,,,,,,0,
20,30,necessity,-1078052.9932052002,3121.0,19479.521665021104,4328.782592226912,0.0,53.0,24.0,,,4527.0,233754.25998025323,1311807.2531854534,0.35,0.0,,,,,,,,,,,,0,
21,30,necessity,-589128.1989914085,3097.0,19479.521665021104,8820.915470952952,0.0,54.0,33.0,,,4527.0,467508.51996050647,1056636.718951915,0.35,0.0,,,,,,,,,,,,0,
22,30,necessity,-804469.7293228327,3064.0,19479.521665021104,11904.152128624008,0.0,55.0,32.0,,,4527.0,642824.2149456964,1447293.944268529,0.35,0.0,,,,,,,,,,,,0,
23,30,necessity,-1068397.8998902482,3032.0,19479.521665021104,11333.53987783046,0.0,54.0,21.0,,,4527.0,623344.6932806753,1691742.5931709234,0.35,0.0,,,,,,,,,,,,0,
24,30,necessity,-892015.4128888662,3011.0,19479.521665021104,7575.3695363970955,0.0,53.0,30.0,,,4527.0,409069.9549654432,1301085.3678543093,0.35,0.0,,,,,,,,,,,,0,
25,30,necessity,-472251.06900128175,2981.0,19479.521665021104,11026.144338691192,0.0,54.0,24.0,,,4527.0,584385.6499506332,1056636.718951915,0.35,0.0,,,,,,,,,,,,0,
26,30,necessity,-971071.5326434757,2957.0,19479.521665021104,8657.565184453824,0.0,53.0,9.0,,,4527.0,467508.51996050647,1438580.0526039822,0.35,0.0,,,,,,,,,,,,0,
27,30,necessity,-881321.023966725,2948.0,19479.521665021104,3307.8433016073573,0.0,52.0,24.0,,,4527.0,175315.69498518994,1056636.718951915,0.35,0.0,,,,,,,,,,,,0,
28,30,necessity,-325720.44127178437,2924.0,19479.521665021104,8990.548460778971,0.0,53.0,36.0,,,4527.0,467508.51996050647,793228.9612322908,0.35,0.0,,,,,,,,,,,,0,
29,30,necessity,-338073.34349368955,2888.0,19479.521665021104,13231.373206429429,0.0,54.0,39.0,,,4527.0,701262.7799407598,1039336.1234344493,0.35,0.0,,,,,,,,,,,,0,
30,30,necessity,-667261.6397265185,2849.0,19479.521665021104,14068.543424737465,0.0,55.0,51.0,,,4527.0,759701.3449358231,1426962.9846623417,0.35,0.0,,,,,,,,,,,,0,
31,30,necessity,-697628.9074725116,2798.0,19479.521665021104,18062.829180292298,0.0,56.0,52.0,,,4527.0,993455.6049160763,1691084.512388588,0.35,0.0,,,,,,,,,,,,0,
32,30,necessity,-871942.0678484841,2746.0,19479.521665021104,18088.12726037674,0.0,57.0,58.0,,,4527.0,1012935.1265810974,1884877.1944295815,0.35,0.0,,,,,,,,,,,,0,
33,30,necessity,-1001669.4127231897,2688.0,19479.521665021104,19821.26765914428,0.0,58.0,50.0,,,4527.0,1129812.256571224,2131481.6692944136,0.35,0.0,,,,,,,,,,,,0,
34,30,necessity,-1348112.200023285,2638.0,19479.521665021104,16792.691090535434,0.0,57.0,69.0,,,4527.0,973976.0832510552,2322088.2832743404,0.35,0.0,,,,,,,,,,,,0,
35,30,necessity,-590374.4271599918,2569.0,19479.521665021104,23580.47359449923,0.0,58.0,21.0,,,4527.0,1344086.9948864563,1934461.422046448,0.35,0.0,,,,,,,,,,,,0,
36,30,necessity,-1899223.9826819377,2548.0,19479.521665021104,7052.930258024882,0.0,57.0,60.0,,,4527.0,409069.9549654432,2308293.937647381,0.35,0.0,,,,,,,,,,,,0,
37,30,necessity,-765690.1221451818,2488.0,19479.521665021104,20504.759647390638,0.0,58.0,66.0,,,4527.0,1168771.2999012663,1934461.422046448,0.35,0.0,,,,,,,,,,,,0,
38,30,necessity,-1021974.9117570317,2422.0,19479.521665021104,22166.352239506774,0.0,59.0,59.0,,,4527.0,1285648.4298913928,2307623.3416484245,0.35,0.0,,,,,,,,,,,,0,
39,30,necessity,-1315034.2619426746,2363.0,19479.521665021104,19479.521665021104,0.0,58.0,58.0,,,4527.0,1149291.778236245,2464326.0401789197,0.35,0.0,,,,,,,,,,,,0,
40,30,necessity,-961351.8640057191,2305.0,19479.521665021104,19479.521665021104,0.0,59.0,89.0,,,4527.0,1129812.256571224,2091164.120576943,0.35,0.0,,,,,,,,,,,,0,
41,30,necessity,-728982.7375394392,2216.0,19479.521665021104,29384.363189608106,0.0,60.0,72.0,,,4527.0,1733677.4281868783,2462660.1657263176,0.35,0.0,,,,,,,,,,,,0,
4,32,necessity,64415.53117767861,1574.2000000000007,64.49553037699866,9990.605715129312,0.0,53.0,2238.0,,,5602.0,519511.4971867242,455095.9660090456,0.35,0.0,,,,,,,,,,,,0,
13,32,necessity,-172851.22729603213,4321.0,4537.386792275995,10102.106443180515,0.0,54.0,31.0,,,5602.0,535411.6414885673,708262.8687845995,0.35,0.0,,,,,,,,,,,,0,
14,32,necessity,-807791.0965259343,4290.0,4537.386792275995,2604.7961214917746,0.0,53.0,56.0,,,5602.0,140658.99056055583,948450.0870864901,0.35,0.0,,,,,,,,,,,,0,
15,32,necessity,-454169.2084171438,4234.0,4537.386792275995,4794.220006933126,0.0,54.0,112.0,,,5602.0,254093.66036745568,708262.8687845995,0.35,0.0,,,,,,,,,,,,0,
16,32,necessity,-447233.979259818,4122.0,4537.386792275995,9410.876309905767,0.0,55.0,181.0,,,5602.0,508187.32073491137,955421.2999947293,0.35,0.0,,,,,,,,,,,,0,
17,32,necessity,-536488.7476982261,3941.0,4537.386792275995,14932.12744367191,0.0,56.0,74.0,,,5602.0,821267.0094019551,1357755.7571001812,0.35,0.0,,,,,,,,,,,,0,
18,32,necessity,-1195410.8575983709,3867.0,4537.386792275995,5995.832546936136,0.0,55.0,168.0,,,5602.0,335766.6226284236,1531177.4802267945,0.35,0.0,,,,,,,,,,,,0,
19,32,necessity,-366562.0420189757,3699.0,4537.386792275995,13859.65420186122,0.0,56.0,105.0,,,5602.0,762280.981102367,1128843.0231213428,0.35,0.0,,,,,,,,,,,,0,
20,32,necessity,-1070289.9008478483,3594.0,4537.386792275995,8507.60023551749,0.0,55.0,94.0,,,5602.0,476425.61318897945,1546715.5140368277,0.35,0.0,,,,,,,,,,,,0,
21,32,necessity,-702328.6646473992,3500.0,4537.386792275995,7754.806517708063,0.0,54.0,131.0,,,5602.0,426514.3584739435,1128843.0231213428,0.35,0.0,,,,,,,,,,,,0,
22,32,necessity,-287286.92212305753,3369.0,4537.386792275995,11007.364255336208,0.0,55.0,112.0,,,5602.0,594397.6697881552,881684.5919112128,0.35,0.0,,,,,,,,,,,,0,
23,32,necessity,-647408.378091953,3257.0,4537.386792275995,9239.76946790748,0.0,54.0,192.0,,,5602.0,508187.32073491137,1155595.6988268644,0.35,0.0,,,,,,,,,,,,0,
24,32,necessity,-10506.327794221812,3065.0,4537.386792275995,16132.930816981314,0.0,55.0,118.0,,,5602.0,871178.264116991,881684.5919112128,0.35,0.0,,,,,,,,,,,,0,
25,32,necessity,-622222.636819573,2947.0,4537.386792275995,9734.757117973952,0.0,54.0,210.0,,,5602.0,535411.6414885673,1157634.2783081403,0.35,0.0,,,,,,,,,,,,0,
26,32,necessity,71166.63446674612,2737.0,4537.386792275995,17645.393081073315,0.0,55.0,180.0,,,5602.0,952851.2263779589,881684.5919112128,0.35,0.0,,,,,,,,,,,,0,
27,32,necessity,-314210.0860085994,2557.0,4537.386792275995,14849.629501994164,0.0,54.0,124.0,,,5602.0,816729.622609679,1130939.7086182784,0.35,0.0,,,,,,,,,,,,0,
28,32,necessity,-319048.62966898945,2433.0,4537.386792275995,10419.184485967098,0.0,53.0,123.0,,,5602.0,562635.9622422233,881684.5919112128,0.35,0.0,,,,,,,,,,,,0,
29,32,necessity,-8232.7202577953,2310.0,4537.386792275995,10530.161800942404,0.0,54.0,180.0,,,5602.0,558098.5754499474,566331.2957077427,0.35,0.0,,,,,,,,,,,,0,
30,32,necessity,-27618.261589689064,2130.0,4537.386792275995,15124.62264091998,0.0,55.0,94.0,,,5602.0,816729.622609679,844347.8841993681,0.35,0.0,,,,,,,,,,,,0,
31,32,necessity,-656380.4244361029,2036.0,4537.386792275995,7754.806517708063,0.0,54.0,186.0,,,5602.0,426514.3584739435,1082894.7829100464,0.35,0.0,,,,,,,,,,,,0,
32,32,necessity,-393.94083603308536,1850.0,4537.386792275995,15628.776728950648,0.0,55.0,161.0,,,5602.0,843953.943363335,844347.8841993681,0.35,0.0,,,,,,,,,,,,0,
33,32,necessity,-385578.081911415,1689.0,4537.386792275995,13282.168610117002,0.0,54.0,347.0,,,5602.0,730519.2735564351,1116097.35546785,0.35,0.0,,,,,,,,,,,,0,
34,32,necessity,730125.3327204022,1342.0,4537.386792275995,29156.91142444019,0.0,55.0,292.0,,,5602.0,1574473.2169197702,844347.8841993681,0.35,0.0,,,,,,,,,,,,0,
35,32,necessity,241750.23845008644,1050.0,4537.386792275995,24089.398969901646,0.0,54.0,254.0,,,5602.0,1324916.9433445905,1083166.704894504,0.35,0.0,,,,,,,,,,,,0,
36,32,necessity,308148.36103873467,796.0,4537.386792275995,21342.523059964864,0.0,53.0,143.0,,,5602.0,1152496.2452381027,844347.8841993681,0.35,0.0,,,,,,,,,,,,0,
37,32,necessity,82515.01558772451,653.0,4537.386792275995,12242.383231989947,0.0,52.0,292.0,,,5602.0,648846.3112954672,566331.2957077427,0.35,0.0,,,,,,,,,,,,0,
38,32,necessity,932007.3707634611,361.0,4537.386792275995,25479.17198739597,0.0,53.0,267.0,,,5602.0,1324916.9433445905,392909.5725811294,0.35,0.0,,,,,,,,,,,,0,
