data/saved_data/run_2025_05_06_2131_new_production_level_with_2000_households/firm_data.csv
Step,AgentID,FirmType,Profit,Inventory,ProductPrice,RevenuePerEmployee,ProductionLevel,NumEmployees,DemandReceived,InventoryDemandRatio,SellThroughRate,ProductionCapacity,Revenue,Costs,Markup,ProducedUnits,IncomeBracket,NumPeople,SpendRatio,PostTaxIncome,HouseholdExpense,HouseholdSavings,HealthLevel,Welfare,SkillLevel,SkillType,JobLevel,IsEmployed,Wage
4,40,luxury,-1673455.5192025106,550.6,3943.1006680003125,13599.673732490874,0.0,50.0,181.0,,,496.0,666384.0128920528,2339839.5320945634,0.4,0.0,,,,,,,,,,,,0,
5,40,luxury,-2529143.127441348,369.6,3943.1006680003125,14274.024418161132,0.0,51.0,101.0,,,496.0,713701.2209080566,3242844.3483494045,0.4,0.0,,,,,,,,,,,,0,
6,40,luxury,-3424042.986417748,268.6,3943.1006680003125,7808.88563662807,0.0,50.0,5.0,,,496.0,398253.1674680316,3822296.1538857794,0.4,0.0,,,,,,,,,,,,0,
7,40,luxury,-2368086.5721229427,263.6,3943.1006680003125,394.3100668000313,0.0,49.0,158.0,,,496.0,19715.503340001564,2387802.0754629443,0.4,0.0,,,,,,,,,,,,0,
12,40,luxury,-1013943.6024379071,159.0,10467.018887999862,7476.442062857044,0.0,50.0,115.0,,,496.0,366345.66107999516,1380289.2635179022,0.26,0.0,,,,,,,,,,,,0,
16,40,luxury,-348648.58001678716,81.0,58472.78384935053,21479.798148741014,0.0,50.0,11.0,,,496.0,1052510.1092883097,1401158.6893050969,0.165,0.0,,,,,,,,,,,,0,
17,40,luxury,-1572155.2600027237,70.0,58472.78384935053,12864.012446857118,0.0,49.0,7.0,,,496.0,643200.6223428559,2215355.8823455796,0.165,0.0,,,,,,,,,,,,0,
18,40,luxury,-991849.2023596431,63.0,58472.78384935053,8353.254835621505,0.0,48.0,12.0,,,496.0,409309.48694545374,1401158.6893050969,0.165,0.0,,,,,,,,,,,,0,
19,40,luxury,122221.60065583151,51.0,58472.78384935053,14618.195962337633,0.0,49.0,13.0,,,496.0,701673.4061922064,579451.8055363749,0.165,0.0,,,,,,,,,,,,0,
20,40,luxury,-668909.7200233168,38.0,58472.78384935053,15513.18755186851,0.0,50.0,16.0,,,496.0,760146.190041557,1429055.9100648738,0.165,0.0,,,,,,,,,,,,0,
21,40,luxury,-1304669.8966016416,22.0,58472.78384935053,18711.290831792172,0.0,51.0,28.0,,,496.0,935564.5415896085,2240234.43819125,0.165,0.0,,,,,,,,,,,,0,
27,40,luxury,-2326991.692640314,20.0,2004874.0966373489,0.0,0.0,49.0,0.0,,,496.0,0.0,2326991.692640314,0.08000000000000002,0.0,,,,,,,,,,,,0,
28,40,luxury,-1477387.588111815,20.0,2004874.0966373489,0.0,0.0,50.0,0.0,,,496.0,0.0,1477387.588111815,0.08000000000000002,0.0,,,,,,,,,,,,0,
29,40,luxury,-2293667.111067014,20.0,2004874.0966373489,0.0,0.0,51.0,0.0,,,496.0,0.0,2293667.111067014,0.08000000000000002,0.0,,,,,,,,,,,,0,
30,40,luxury,-3734899.4967196565,20.0,2004874.0966373489,0.0,0.0,52.0,0.0,,,496.0,0.0,3734899.4967196565,0.08000000000000002,0.0,,,,,,,,,,,,0,
31,40,luxury,-4592797.112594428,20.0,2004874.0966373489,0.0,0.0,53.0,0.0,,,496.0,0.0,4592797.112594428,0.08000000000000002,0.0,,,,,,,,,,,,0,
32,40,luxury,-5425869.629311148,20.0,2004874.0966373489,0.0,0.0,54.0,0.0,,,496.0,0.0,5425869.629311148,0.08000000000000002,0.0,,,,,,,,,,,,0,
33,40,luxury,-6777702.23214648,20.0,2004874.0966373489,0.0,0.0,55.0,0.0,,,496.0,0.0,6777702.23214648,0.08000000000000002,0.0,,,,,,,,,,,,0,
34,40,luxury,-7616314.092238463,20.0,2004874.0966373489,0.0,0.0,56.0,0.0,,,496.0,0.0,7616314.092238463,0.08000000000000002,0.0,,,,,,,,,,,,0,
35,40,luxury,-8517716.512966102,20.0,2004874.0966373489,0.0,0.0,57.0,0.0,,,496.0,0.0,8517716.512966102,0.08000000000000002,0.0,,,,,,,,,,,,0,
36,40,luxury,-9842395.81619118,20.0,2004874.0966373489,0.0,0.0,58.0,0.0,,,496.0,0.0,9842395.81619118,0.08000000000000002,0.0,,,,,,,,,,,,0,
37,40,luxury,-10399980.977032479,20.0,2004874.0966373489,0.0,0.0,59.0,0.0,,,496.0,0.0,10399980.977032479,0.08000000000000002,0.0,,,,,,,,,,,,0,
38,40,luxury,-11204920.42117296,20.0,2004874.0966373489,0.0,0.0,60.0,0.0,,,496.0,0.0,11204920.42117296,0.08000000000000002,0.0,,,,,,,,,,,,0,
39,40,luxury,-12030200.577045854,20.0,2004874.0966373489,0.0,0.0,61.0,0.0,,,496.0,0.0,12030200.577045854,0.08000000000000002,0.0,,,,,,,,,,,,0,
40,40,luxury,-13301994.741952786,20.0,2004874.0966373489,0.0,0.0,62.0,0.0,,,496.0,0.0,13301994.741952786,0.08000000000000002,0.0,,,,,,,,,,,,0,
41,40,luxury,-14112470.0819178,20.0,2004874.0966373489,0.0,0.0,63.0,0.0,,,496.0,0.0,14112470.0819178,0.08000000000000002,0.0,,,,,,,,,,,,0,
4,41,luxury,-2175136.663831252,662.1,3747.0589929644916,0.0,0.0,31.0,92.0,,,541.0,0.0,2175136.663831252,0.4,0.0,,,,,,,,,,,,0,
5,41,luxury,-448836.58632479527,570.1,3747.0589929644916,11120.304108152684,0.0,32.0,11.0,,,541.0,344729.4273527332,793566.0136775285,0.4,0.0,,,,,,,,,,,,0,
6,41,luxury,-2085700.1163731024,559.1,3747.0589929644916,1288.051528831544,0.0,31.0,87.0,,,541.0,41217.648922609405,2126917.765295712,0.4,0.0,,,,,,,,,,,,0,
7,41,luxury,-467571.8812896177,472.1,3747.0589929644916,10515.939754448735,0.0,32.0,224.0,,,541.0,325994.1323879108,793566.0136775285,0.4,0.0,,,,,,,,,,,,0,
8,41,luxury,-1323791.9884680943,248.10000000000002,3747.0589929644916,26229.41295075144,0.0,33.0,45.0,,,541.0,839341.2144240461,2163133.2028921405,0.4,0.0,,,,,,,,,,,,0,
9,41,luxury,-2773849.299865862,203.10000000000002,3747.0589929644916,5109.625899497034,0.0,32.0,275.0,,,541.0,168617.65468340213,2942466.954549264,0.4,0.0,,,,,,,,,,,,0,
16,41,luxury,-1994154.2471098555,123.0,70674.16845895913,4417.135528684946,0.0,31.0,19.0,,,541.0,141348.33691791826,2135502.5840277737,0.24500000000000005,0.0,,,,,,,,,,,,0,
17,41,luxury,549243.1870426951,104.0,70674.16845895913,43316.42582968463,0.0,32.0,18.0,,,541.0,1342809.2007202236,793566.0136775285,0.24500000000000005,0.0,,,,,,,,,,,,0,
18,41,luxury,-792050.3198575431,86.0,70674.16845895913,39754.21975816451,0.0,31.0,18.0,,,541.0,1272135.0322612643,2064185.3521188074,0.24500000000000005,0.0,,,,,,,,,,,,0,
19,41,luxury,478569.0185837358,68.0,70674.16845895913,41036.613943911754,0.0,32.0,8.0,,,541.0,1272135.0322612643,793566.0136775285,0.24500000000000005,0.0,,,,,,,,,,,,0,
20,41,luxury,-1537280.1781841563,60.0,70674.16845895913,17668.542114739783,0.0,31.0,3.0,,,541.0,565393.347671673,2102673.5258558295,0.24500000000000005,0.0,,,,,,,,,,,,0,
21,41,luxury,-581543.5083006511,57.0,70674.16845895913,6839.435657318625,0.0,30.0,6.0,,,541.0,212022.50537687738,793566.0136775285,0.24500000000000005,0.0,,,,,,,,,,,,0,
22,41,luxury,-5083384.9892462455,51.0,70674.16845895913,14134.833691791826,0.0,31.0,19.0,,,541.0,424045.01075375476,5507430.0,0.24500000000000005,0.0,,,,,,,,,,,,0,
23,41,luxury,470101.61786519666,32.0,70674.16845895913,43316.42582968463,0.0,32.0,25.0,,,541.0,1342809.2007202236,872707.5828550269,0.24500000000000005,0.0,,,,,,,,,,,,0,
4,42,luxury,-1828783.4138199245,532.9,4817.006636749376,10838.264932686096,0.0,53.0,254.0,,,519.0,563589.776499677,2392373.1903196014,0.4,0.0,,,,,,,,,,,,0,
5,42,luxury,-2072084.6671851694,278.9,4817.006636749376,23085.2770893272,0.0,54.0,95.0,,,519.0,1223519.6857343416,3295604.352919511,0.4,0.0,,,,,,,,,,,,0,
6,42,luxury,-3424244.988387645,183.89999999999998,4817.006636749376,8474.363527614643,0.0,53.0,332.0,,,519.0,457615.63049119076,3881860.618878836,0.4,0.0,,,,,,,,,,,,0,
11,42,luxury,-2493979.3049037484,201.0,864602.1738404526,0.0,0.0,52.0,0.0,,,519.0,0.0,2493979.3049037484,0.29,0.0,,,,,,,,,,,,0,
12,42,luxury,-1590748.1423038393,201.0,864602.1738404526,0.0,0.0,53.0,0.0,,,519.0,0.0,1590748.1423038393,0.29,0.0,,,,,,,,,,,,0,
13,42,luxury,-2436613.700805908,201.0,864602.1738404526,0.0,0.0,54.0,0.0,,,519.0,0.0,2436613.700805908,0.29,0.0,,,,,,,,,,,,0,
14,42,luxury,-3915222.871978743,201.0,864602.1738404526,0.0,0.0,55.0,0.0,,,519.0,0.0,3915222.871978743,0.29,0.0,,,,,,,,,,,,0,
15,42,luxury,-4759534.993486478,201.0,864602.1738404526,0.0,0.0,56.0,0.0,,,519.0,0.0,4759534.993486478,0.29,0.0,,,,,,,,,,,,0,
16,42,luxury,-5673886.735951226,201.0,864602.1738404526,0.0,0.0,57.0,0.0,,,519.0,0.0,5673886.735951226,0.29,0.0,,,,,,,,,,,,0,
17,42,luxury,-7153486.807934564,201.0,864602.1738404526,0.0,0.0,58.0,0.0,,,519.0,0.0,7153486.807934564,0.29,0.0,,,,,,,,,,,,0,
18,42,luxury,-8005169.461719691,201.0,864602.1738404526,0.0,0.0,59.0,0.0,,,519.0,0.0,8005169.461719691,0.29,0.0,,,,,,,,,,,,0,
19,42,luxury,-8923272.27251717,201.0,864602.1738404526,0.0,0.0,60.0,0.0,,,519.0,0.0,8923272.27251717,0.29,0.0,,,,,,,,,,,,0,
20,42,luxury,-10351232.07135472,201.0,864602.1738404526,0.0,0.0,61.0,0.0,,,519.0,0.0,10351232.07135472,0.29,0.0,,,,,,,,,,,,0,
21,42,luxury,-10994732.200244723,201.0,864602.1738404526,0.0,0.0,62.0,0.0,,,519.0,0.0,10994732.200244723,0.29,0.0,,,,,,,,,,,,0,
22,42,luxury,-11946832.433063421,201.0,864602.1738404526,0.0,0.0,63.0,0.0,,,519.0,0.0,11946832.433063421,0.29,0.0,,,,,,,,,,,,0,
23,42,luxury,-12808022.753693286,201.0,864602.1738404526,0.0,0.0,64.0,0.0,,,519.0,0.0,12808022.753693286,0.29,0.0,,,,,,,,,,,,0,
24,42,luxury,-14190247.75705106,201.0,864602.1738404526,0.0,0.0,65.0,0.0,,,519.0,0.0,14190247.75705106,0.29,0.0,,,,,,,,,,,,0,
25,42,luxury,-15128358.594586046,201.0,864602.1738404526,0.0,0.0,66.0,0.0,,,519.0,0.0,15128358.594586046,0.29,0.0,,,,,,,,,,,,0,
26,42,luxury,-16051665.099076362,201.0,864602.1738404526,0.0,0.0,67.0,1.0,,,519.0,0.0,16051665.099076362,0.29,0.0,,,,,,,,,,,,0,
27,42,luxury,-15719244.255136808,200.0,864602.1738404526,12904.510057320187,0.0,68.0,0.0,,,519.0,864602.1738404526,16583846.42897726,0.29,0.0,,,,,,,,,,,,0,
28,42,luxury,-17410118.096569806,200.0,864602.1738404526,0.0,0.0,67.0,1.0,,,519.0,0.0,17410118.096569806,0.29,0.0,,,,,,,,,,,,0,
29,42,luxury,-15163290.919371583,199.0,864602.1738404526,12904.510057320187,0.0,68.0,0.0,,,519.0,864602.1738404526,16027893.093212035,0.29,0.0,,,,,,,,,,,,0,
30,42,luxury,-17388669.29702901,199.0,864602.1738404526,0.0,0.0,67.0,0.0,,,519.0,0.0,17388669.29702901,0.29,0.0,,,,,,,,,,,,0,
31,42,luxury,-16027893.093212035,199.0,864602.1738404526,0.0,0.0,68.0,0.0,,,519.0,0.0,16027893.093212035,0.29,0.0,,,,,,,,,,,,0,
32,42,luxury,-17444489.495430876,199.0,864602.1738404526,0.0,0.0,69.0,1.0,,,519.0,0.0,17444489.495430876,0.29,0.0,,,,,,,,,,,,0,
33,42,luxury,-17926489.78121308,198.0,864602.1738404526,12530.466287542791,0.0,70.0,0.0,,,519.0,864602.1738404526,18791091.95505353,0.29,0.0,,,,,,,,,,,,0,
34,42,luxury,-19605284.202025436,198.0,864602.1738404526,0.0,0.0,69.0,0.0,,,519.0,0.0,19605284.202025436,0.29,0.0,,,,,,,,,,,,0,
35,42,luxury,-18258681.74240278,198.0,864602.1738404526,0.0,0.0,70.0,1.0,,,519.0,0.0,18258681.74240278,0.29,0.0,,,,,,,,,,,,0,
36,42,luxury,-18686674.209672615,197.0,864602.1738404526,12351.459626292179,0.0,71.0,0.0,,,519.0,864602.1738404526,19551276.383513067,0.29,0.0,,,,,,,,,,,,0,
37,42,luxury,-20461293.991489526,197.0,864602.1738404526,0.0,0.0,70.0,0.0,,,519.0,0.0,20461293.991489526,0.29,0.0,,,,,,,,,,,,0,
38,42,luxury,-19168699.35037924,197.0,864602.1738404526,0.0,0.0,71.0,0.0,,,519.0,0.0,19168699.35037924,0.29,0.0,,,,,,,,,,,,0,
39,42,luxury,-20635444.2551892,197.0,864602.1738404526,0.0,0.0,72.0,0.0,,,519.0,0.0,20635444.2551892,0.29,0.0,,,,,,,,,,,,0,
40,42,luxury,-21923074.945847273,197.0,864602.1738404526,0.0,0.0,73.0,1.0,,,519.0,0.0,21923074.945847273,0.29,0.0,,,,,,,,,,,,0,
41,42,luxury,-21943110.718800973,196.0,864602.1738404526,11843.865395074692,0.0,74.0,1.0,,,519.0,864602.1738404526,22807712.892641425,0.29,0.0,,,,,,,,,,,,0,
4,43,luxury,-1790414.0492817615,634.5,3200.9310873597037,8162.374272767245,0.0,61.0,258.0,,,595.0,489742.4563660347,2280156.505647796,0.4,0.0,,,,,,,,,,,,0,
5,43,luxury,-2288479.0284398114,376.5,3200.9310873597037,13538.364271127928,0.0,62.0,365.0,,,595.0,825840.2205388036,3114319.2489786153,0.4,0.0,,,,,,,,,,,,0,
10,43,luxury,-2818881.6373525686,295.0,26856.462186528923,16027.243562928552,0.0,63.0,30.0,,,595.0,993689.1009015702,3812570.7382541387,0.3,0.0,,,,,,,,,,,,0,
11,43,luxury,-3905720.7825033953,265.0,26856.462186528923,12788.791517394724,0.0,62.0,55.0,,,595.0,805693.8655958676,4711414.648099263,0.3,0.0,,,,,,,,,,,,0,
12,43,luxury,-1769665.8728939618,210.0,26856.462186528923,23824.28097192082,0.0,63.0,20.0,,,595.0,1477105.4202590908,3246771.2931530527,0.3,0.0,,,,,,,,,,,,0,
13,43,luxury,-4175266.9458847316,190.0,26856.462186528923,8525.861011596484,0.0,62.0,31.0,,,595.0,537129.2437305785,4712396.18961531,0.3,0.0,,,,,,,,,,,,0,
14,43,luxury,-2414220.965370656,159.0,26856.462186528923,13428.231093264461,0.0,63.0,34.0,,,595.0,832550.3277823966,3246771.2931530527,0.3,0.0,,,,,,,,,,,,0,
15,43,luxury,-3722404.706840245,125.0,26856.462186528923,14493.963719714022,0.0,64.0,24.0,,,595.0,913119.7143419834,4635524.421182228,0.3,0.0,,,,,,,,,,,,0,
16,43,luxury,-4885669.257580562,101.0,26856.462186528923,10071.173319948346,0.0,63.0,59.0,,,595.0,644555.0924766941,5530224.3500572555,0.3,0.0,,,,,,,,,,,,0,
17,43,luxury,-2556939.953022873,42.0,26856.462186528923,25151.289984209627,0.0,64.0,68.0,,,595.0,1584531.2690052064,4141471.2220280794,0.3,0.0,,,,,,,,,,,,0,
22,43,luxury,-3307308.4786972604,48.0,683094.5879361792,0.0,0.0,61.0,0.0,,,595.0,0.0,3307308.4786972604,0.155,0.0,,,,,,,,,,,,0,
23,43,luxury,-2412608.5498222336,48.0,683094.5879361792,0.0,0.0,62.0,0.0,,,595.0,0.0,2412608.5498222336,0.155,0.0,,,,,,,,,,,,0,
24,43,luxury,-3865499.699230646,48.0,683094.5879361792,0.0,0.0,63.0,0.0,,,595.0,0.0,3865499.699230646,0.155,0.0,,,,,,,,,,,,0,
25,43,luxury,-4695074.052435333,48.0,683094.5879361792,0.0,0.0,64.0,0.0,,,595.0,0.0,4695074.052435333,0.155,0.0,,,,,,,,,,,,0,
26,43,luxury,-5563074.196573809,48.0,683094.5879361792,0.0,0.0,65.0,0.0,,,595.0,0.0,5563074.196573809,0.155,0.0,,,,,,,,,,,,0,
27,43,luxury,-7075393.082846693,48.0,683094.5879361792,0.0,0.0,66.0,0.0,,,595.0,0.0,7075393.082846693,0.155,0.0,,,,,,,,,,,,0,
28,43,luxury,-7895944.179758591,48.0,683094.5879361792,0.0,0.0,67.0,1.0,,,595.0,0.0,7895944.179758591,0.155,0.0,,,,,,,,,,,,0,
29,43,luxury,-8035651.637099519,47.0,683094.5879361792,10195.44161098775,0.0,68.0,2.0,,,595.0,683094.5879361792,8718746.2250357,0.155,0.0,,,,,,,,,,,,0,
30,43,luxury,-8694225.07303992,45.0,683094.5879361792,20091.017292240565,0.0,69.0,0.0,,,595.0,1366189.1758723585,10060414.248912277,0.155,0.0,,,,,,,,,,,,0,
31,43,luxury,-10581157.177344821,45.0,683094.5879361792,0.0,0.0,68.0,0.0,,,595.0,0.0,10581157.177344821,0.155,0.0,,,,,,,,,,,,0,
32,43,luxury,-9239489.153468244,45.0,683094.5879361792,0.0,0.0,69.0,1.0,,,595.0,0.0,9239489.153468244,0.155,0.0,,,,,,,,,,,,0,
33,43,luxury,-10014228.364469681,44.0,683094.5879361792,9899.921564292454,0.0,70.0,1.0,,,595.0,683094.5879361792,10697322.95240586,0.155,0.0,,,,,,,,,,,,0,
34,43,luxury,-10877407.65071199,43.0,683094.5879361792,9758.494113373989,0.0,69.0,2.0,,,595.0,683094.5879361792,11560502.23864817,0.155,0.0,,,,,,,,,,,,0,
35,43,luxury,-8741421.913367398,41.0,683094.5879361792,19799.843128584907,0.0,70.0,0.0,,,595.0,1366189.1758723585,10107611.089239758,0.155,0.0,,,,,,,,,,,,0,
36,43,luxury,-11451641.80527887,41.0,683094.5879361792,0.0,0.0,69.0,2.0,,,595.0,0.0,11451641.80527887,0.155,0.0,,,,,,,,,,,,0,
37,43,luxury,-8741421.913367398,39.0,683094.5879361792,19799.843128584907,0.0,70.0,0.0,,,595.0,1366189.1758723585,10107611.089239758,0.155,0.0,,,,,,,,,,,,0,
38,43,luxury,-11441494.567506108,39.0,683094.5879361792,0.0,0.0,69.0,2.0,,,595.0,0.0,11441494.567506108,0.155,0.0,,,,,,,,,,,,0,
39,43,luxury,-8741421.913367398,37.0,683094.5879361792,19799.843128584907,0.0,70.0,0.0,,,595.0,1366189.1758723585,10107611.089239758,0.155,0.0,,,,,,,,,,,,0,
40,43,luxury,-11389543.20097559,37.0,683094.5879361792,0.0,0.0,69.0,2.0,,,595.0,0.0,11389543.20097559,0.155,0.0,,,,,,,,,,,,0,
41,43,luxury,-8741421.913367398,35.0,683094.5879361792,19799.843128584907,0.0,70.0,1.0,,,595.0,1366189.1758723585,10107611.089239758,0.155,0.0,,,,,,,,,,,,0,
