data/saved_data/run_2025_05_06_2131_new_production_level_with_2000_households/firm_data.csv
Step,AgentID,FirmType,Profit,Inventory,ProductPrice,RevenuePerEmployee,ProductionLevel,NumEmployees,DemandReceived,InventoryDemandRatio,SellThroughRate,ProductionCapacity,Revenue,Costs,Markup,ProducedUnits,IncomeBracket,NumPeople,SpendRatio,PostTaxIncome,HouseholdExpense,HouseholdSavings,HealthLevel,Welfare,SkillLevel,SkillType,JobLevel,IsEmployed,Wage
4,48,luxury,-833816.327728756,271.2,5717.196110306967,18866.74716401299,0.0,19.0,267.0,,,392.0,377334.94328025985,1211151.2710090159,0.24999999999999997,0.0,,,,,,,,,,,,0,
22,48,luxury,-61202.97332356335,306.0,106586.62287595912,69281.30486937342,0.0,21.0,15.0,,,392.0,1385626.0973874684,1446829.0707110318,0.41500000000000004,0.0,,,,,,,,,,,,0,
23,48,luxury,-1045195.0692961896,291.0,106586.62287595912,76133.3020542565,0.0,22.0,39.0,,,392.0,1598799.3431393867,2643994.4124355763,0.41500000000000004,0.0,,,,,,,,,,,,0,
24,48,luxury,720940.3215691438,252.0,106586.62287595912,188949.01328010936,0.0,23.0,20.0,,,392.0,4156878.292162406,3435937.970593262,0.41500000000000004,0.0,,,,,,,,,,,,0,
25,48,luxury,-1836932.316525727,232.0,106586.62287595912,92684.01989213837,0.0,22.0,22.0,,,392.0,2131732.4575191825,3968664.7740449095,0.41500000000000004,0.0,,,,,,,,,,,,0,
26,48,luxury,-426593.729049264,210.0,106586.62287595912,106586.62287595913,0.0,23.0,28.0,,,392.0,2344905.7032711008,2771499.4323203648,0.41500000000000004,0.0,,,,,,,,,,,,0,
27,48,luxury,-1035850.8127208007,182.0,106586.62287595912,129757.62784899371,0.0,24.0,32.0,,,392.0,2984425.440526855,4020276.253247656,0.41500000000000004,0.0,,,,,,,,,,,,0,
28,48,luxury,-1322874.3125910694,150.0,106586.62287595912,142115.4971679455,0.0,25.0,40.0,,,392.0,3410771.9320306918,4733646.244621761,0.41500000000000004,0.0,,,,,,,,,,,,0,
29,48,luxury,-1661866.9735431774,110.0,106586.62287595912,170538.5966015346,0.0,26.0,41.0,,,392.0,4263464.915038365,5925331.888581542,0.41500000000000004,0.0,,,,,,,,,,,,0,
30,48,luxury,-2262706.2920056535,69.0,106586.62287595912,168078.90530439705,0.0,25.0,63.0,,,392.0,4370051.537914324,6632757.829919977,0.41500000000000004,0.0,,,,,,,,,,,,0,
39,48,luxury,-4770924.716534452,30.0,637774.5877721779,25510.983510887116,0.0,24.0,7.0,,,392.0,637774.5877721779,5408699.304306629,0.255,0.0,,,,,,,,,,,,0,
40,48,luxury,272126.7493723412,23.0,637774.5877721779,186017.58810021856,0.0,25.0,9.0,,,392.0,4464422.1144052455,4192295.3650329043,0.255,0.0,,,,,,,,,,,,0,
41,48,luxury,139640.525938618,14.0,637774.5877721779,229598.85159798403,0.0,26.0,6.0,,,392.0,5739971.289949601,5600330.764010983,0.255,0.0,,,,,,,,,,,,0,
4,49,luxury,-113348.9017668796,208.5,2845.041508133846,41253.101867940764,0.0,25.0,113.0,,,415.0,990074.4448305784,1103423.346597458,0.24999999999999997,0.0,,,,,,,,,,,,0,
11,49,luxury,-974894.7247742447,133.5,375707.9051788299,30056.632414306394,0.0,24.0,0.0,,,415.0,751415.8103576598,1726310.5351319045,0.1,0.0,,,,,,,,,,,,0,
12,49,luxury,-1113425.9016210965,133.5,375707.9051788299,0.0,0.0,23.0,1.0,,,415.0,0.0,1113425.9016210965,0.1,0.0,,,,,,,,,,,,0,
13,49,luxury,-114830.80790782016,132.5,375707.9051788299,16335.12631212304,0.0,24.0,0.0,,,415.0,375707.9051788299,490538.71308665007,0.1,0.0,,,,,,,,,,,,0,
14,49,luxury,-1191537.7696625164,132.5,375707.9051788299,0.0,0.0,23.0,0.0,,,415.0,0.0,1191537.7696625164,0.1,0.0,,,,,,,,,,,,0,
15,49,luxury,-490538.71308665007,132.5,375707.9051788299,0.0,0.0,24.0,5.0,,,415.0,0.0,490538.71308665007,0.1,0.0,,,,,,,,,,,,0,
16,49,luxury,804260.3031780829,127.5,375707.9051788299,78272.48024558957,0.0,25.0,2.0,,,415.0,1878539.5258941497,1074279.2227160668,0.1,0.0,,,,,,,,,,,,0,
17,49,luxury,-1347218.6633177393,125.5,375707.9051788299,30056.632414306394,0.0,24.0,2.0,,,415.0,751415.8103576598,2098634.473675399,0.1,0.0,,,,,,,,,,,,0,
18,49,luxury,-322863.41235840693,123.5,375707.9051788299,31308.992098235827,0.0,25.0,1.0,,,415.0,751415.8103576598,1074279.2227160668,0.1,0.0,,,,,,,,,,,,0,
19,49,luxury,-1689205.2402140298,122.5,375707.9051788299,15028.316207153197,0.0,24.0,4.0,,,415.0,375707.9051788299,2064913.1453928596,0.1,0.0,,,,,,,,,,,,0,
20,49,luxury,428552.3979992529,118.5,375707.9051788299,62617.984196471654,0.0,25.0,4.0,,,415.0,1502831.6207153196,1074279.2227160668,0.1,0.0,,,,,,,,,,,,0,
21,49,luxury,-556960.5661137677,114.5,375707.9051788299,60113.26482861279,0.0,24.0,3.0,,,415.0,1502831.6207153196,2059792.1868290873,0.1,0.0,,,,,,,,,,,,0,
22,49,luxury,52844.49282042286,111.5,375707.9051788299,46963.48814735373,0.0,23.0,2.0,,,415.0,1127123.7155364896,1074279.2227160668,0.1,0.0,,,,,,,,,,,,0,
23,49,luxury,260877.09727100976,109.5,375707.9051788299,32670.25262424608,0.0,22.0,2.0,,,415.0,751415.8103576598,490538.71308665007,0.1,0.0,,,,,,,,,,,,0,
24,49,luxury,-2504870.18964234,107.5,375707.9051788299,34155.26410716635,0.0,23.0,5.0,,,415.0,751415.8103576598,3256286.0,0.1,0.0,,,,,,,,,,,,0,
25,49,luxury,1235226.5296953318,102.5,375707.9051788299,81675.6315606152,0.0,24.0,2.0,,,415.0,1878539.5258941497,643312.9961988179,0.1,0.0,,,,,,,,,,,,0,
26,49,luxury,-291581.861311138,100.5,375707.9051788299,31308.992098235827,0.0,23.0,2.0,,,415.0,751415.8103576598,1042997.6716687978,0.1,0.0,,,,,,,,,,,,0,
27,49,luxury,351731.13488767983,98.5,375707.9051788299,32670.25262424608,0.0,24.0,6.0,,,415.0,751415.8103576598,399684.67546998,0.1,0.0,,,,,,,,,,,,0,
28,49,luxury,1263347.748028074,92.5,375707.9051788299,93926.97629470746,0.0,25.0,5.0,,,415.0,2254247.4310729792,990899.6830449053,0.1,0.0,,,,,,,,,,,,0,
29,49,luxury,-77790.77248526784,87.5,375707.9051788299,75141.581035766,0.0,24.0,7.0,,,415.0,1878539.5258941497,1956330.2983794175,0.1,0.0,,,,,,,,,,,,0,
30,49,luxury,1639055.653206904,80.5,375707.9051788299,109581.47234382539,0.0,25.0,14.0,,,415.0,2629955.3362518093,990899.6830449053,0.1,0.0,,,,,,,,,,,,0,
31,49,luxury,3265320.1254307213,66.5,375707.9051788299,210396.42690014475,0.0,26.0,11.0,,,415.0,5259910.6725036185,1994590.5470728972,0.1,0.0,,,,,,,,,,,,0,
32,49,luxury,1531384.0645432645,55.5,375707.9051788299,158953.34449873574,0.0,25.0,10.0,,,415.0,4132786.956967129,2601402.8924238645,0.1,0.0,,,,,,,,,,,,0,
33,49,luxury,2159367.023392427,45.5,375707.9051788299,150283.162071532,0.0,24.0,7.0,,,415.0,3757079.0517882993,1597712.0283958726,0.1,0.0,,,,,,,,,,,,0,
34,49,luxury,1623458.315430862,38.5,375707.9051788299,109581.47234382539,0.0,23.0,7.0,,,415.0,2629955.3362518093,1006497.0208209472,0.1,0.0,,,,,,,,,,,,0,
35,49,luxury,2230270.660781829,31.5,375707.9051788299,114345.88418486128,0.0,24.0,14.0,,,415.0,2629955.3362518093,399684.67546998,0.1,0.0,,,,,,,,,,,,0,
36,49,luxury,4141817.6184973363,17.5,375707.9051788299,219162.94468765077,0.0,25.0,7.0,,,415.0,5259910.6725036185,1118093.0540062822,0.1,0.0,,,,,,,,,,,,0,
4,50,luxury,274033.6843058248,151.5,3263.714240994595,45804.54124430345,0.0,30.0,919.0,,,435.0,1328331.6960848002,1054298.0117789754,0.24999999999999997,0.0,,,,,,,,,,,,0,
11,50,luxury,-1091199.8612481325,366.0,35534.72948332389,52191.63392863196,0.0,33.0,52.0,,,435.0,1670132.2857162228,2761332.1469643554,0.08999999999999993,0.0,,,,,,,,,,,,0,
12,50,luxury,-1842101.7588389802,314.0,35534.72948332389,55994.11918584371,0.0,34.0,22.0,,,435.0,1847805.9331328424,3689907.6919718226,0.08999999999999993,0.0,,,,,,,,,,,,0,
13,50,luxury,-3832660.1022601025,292.0,35534.72948332389,22993.06025391546,0.0,33.0,51.0,,,435.0,781764.0486331256,4614424.150893228,0.08999999999999993,0.0,,,,,,,,,,,,0,
14,50,luxury,-1877636.488322304,241.0,35534.72948332389,54917.30920150056,0.0,34.0,62.0,,,435.0,1812271.2036495185,3689907.6919718226,0.08999999999999993,0.0,,,,,,,,,,,,0,
15,50,luxury,-2458320.534881735,179.0,35534.72948332389,64798.62435194357,0.0,35.0,37.0,,,435.0,2203153.2279660814,4661473.762847817,0.08999999999999993,0.0,,,,,,,,,,,,0,
16,50,luxury,-3915419.560896454,142.0,35534.72948332389,37565.28545379954,0.0,34.0,74.0,,,435.0,1314784.990882984,5230204.551779438,0.08999999999999993,0.0,,,,,,,,,,,,0,
17,50,luxury,-1672059.0250060037,68.0,35534.72948332389,77340.29358135199,0.0,35.0,53.0,,,435.0,2629569.981765968,4301629.0067719715,0.08999999999999993,0.0,,,,,,,,,,,,0,
23,50,luxury,-4329808.447349181,56.0,669731.4435937037,0.0,0.0,33.0,0.0,,,435.0,0.0,4329808.447349181,0.01,0.0,,,,,,,,,,,,0,
24,50,luxury,-3330062.9358959775,56.0,669731.4435937037,0.0,0.0,34.0,0.0,,,435.0,0.0,3330062.9358959775,0.01,0.0,,,,,,,,,,,,0,
25,50,luxury,-4296531.682331084,56.0,669731.4435937037,0.0,0.0,35.0,0.0,,,435.0,0.0,4296531.682331084,0.01,0.0,,,,,,,,,,,,0,
26,50,luxury,-5236757.40309613,56.0,669731.4435937037,0.0,0.0,36.0,1.0,,,435.0,0.0,5236757.40309613,0.01,0.0,,,,,,,,,,,,0,
27,50,luxury,-4995135.889190286,55.0,669731.4435937037,18603.651210936212,0.0,37.0,1.0,,,435.0,669731.4435937037,5664867.33278399,0.01,0.0,,,,,,,,,,,,0,
28,50,luxury,-5953050.511807786,54.0,669731.4435937037,18100.849826856855,0.0,36.0,3.0,,,435.0,669731.4435937037,6622781.9554014895,0.01,0.0,,,,,,,,,,,,0,
29,50,luxury,-3673361.9038553326,51.0,669731.4435937037,55810.95363280864,0.0,37.0,0.0,,,435.0,2009194.330781111,5682556.234636444,0.01,0.0,,,,,,,,,,,,0,
30,50,luxury,-6665139.724193221,51.0,669731.4435937037,0.0,0.0,36.0,0.0,,,435.0,0.0,6665139.724193221,0.01,0.0,,,,,,,,,,,,0,
31,50,luxury,-5707225.101575721,51.0,669731.4435937037,0.0,0.0,37.0,1.0,,,435.0,0.0,5707225.101575721,0.01,0.0,,,,,,,,,,,,0,
32,50,luxury,-6017327.972743709,50.0,669731.4435937037,18100.849826856855,0.0,38.0,0.0,,,435.0,669731.4435937037,6687059.416337413,0.01,0.0,,,,,,,,,,,,0,
33,50,luxury,-7300667.890443455,50.0,669731.4435937037,0.0,0.0,37.0,1.0,,,435.0,0.0,7300667.890443455,0.01,0.0,,,,,,,,,,,,0,
34,50,luxury,-5664467.700414645,49.0,669731.4435937037,18100.849826856855,0.0,38.0,1.0,,,435.0,669731.4435937037,6334199.144008349,0.01,0.0,,,,,,,,,,,,0,
35,50,luxury,-6583736.472373113,48.0,669731.4435937037,17624.51167351852,0.0,37.0,2.0,,,435.0,669731.4435937037,7253467.915966816,0.01,0.0,,,,,,,,,,,,0,
36,50,luxury,-4994736.256820941,46.0,669731.4435937037,36201.69965371371,0.0,38.0,5.0,,,435.0,1339462.8871874074,6334199.144008349,0.01,0.0,,,,,,,,,,,,0,
37,50,luxury,-3904255.317549961,41.0,669731.4435937037,88122.55836759259,0.0,39.0,3.0,,,435.0,3348657.2179685184,7252912.5355184795,0.01,0.0,,,,,,,,,,,,0,
38,50,luxury,-5604556.740704726,38.0,669731.4435937037,51517.80335336182,0.0,38.0,5.0,,,435.0,2009194.330781111,7613751.071485838,0.01,0.0,,,,,,,,,,,,0,
39,50,luxury,-3346380.4620071887,33.0,669731.4435937037,88122.55836759259,0.0,39.0,6.0,,,435.0,3348657.2179685184,6695037.679975707,0.01,0.0,,,,,,,,,,,,0,
40,50,luxury,-3634551.8129557716,27.0,669731.4435937037,103035.60670672364,0.0,40.0,2.0,,,435.0,4018388.661562222,7652940.474517994,0.01,0.0,,,,,,,,,,,,0,
4,56,luxury,291877.2763285439,95.69999999999999,4327.563016092899,60431.32640329726,0.0,29.0,470.0,,,307.0,1692077.1392923233,1400199.8629637794,0.30000000000000004,0.0,,,,,,,,,,,,0,
10,56,luxury,-949078.9375383711,301.0,32251.581824051147,17277.6331200274,0.0,27.0,26.0,,,307.0,483773.7273607672,1432852.6648991383,0.2,0.0,,,,,,,,,,,,0,
11,56,luxury,203298.6616677472,275.0,32251.581824051147,31057.078793530734,0.0,28.0,26.0,,,307.0,838541.1274253299,635242.4657575827,0.2,0.0,,,,,,,,,,,,0,
12,56,luxury,-553880.1040224453,249.0,32251.581824051147,29947.897408047495,0.0,27.0,19.0,,,307.0,838541.1274253299,1392421.2314477751,0.2,0.0,,,,,,,,,,,,0,
13,56,luxury,-22462.411100610858,230.0,32251.581824051147,22695.557579887845,0.0,26.0,31.0,,,307.0,612780.0546569718,635242.4657575827,0.2,0.0,,,,,,,,,,,,0,
14,56,luxury,-3708800.963454414,199.0,32251.581824051147,38453.80909790714,0.0,27.0,15.0,,,307.0,999799.0365455856,4708600.0,0.2,0.0,,,,,,,,,,,,0,
15,56,luxury,-320449.69626131747,184.0,32251.581824051147,17917.54545780619,0.0,26.0,76.0,,,307.0,483773.7273607672,804223.4236220847,0.2,0.0,,,,,,,,,,,,0,
16,56,luxury,-2257479.7813721127,108.0,32251.581824051147,94273.85456261106,0.0,27.0,43.0,,,307.0,2451120.2186278873,4708600.0,0.2,0.0,,,,,,,,,,,,0,
17,56,luxury,552826.2640621278,65.0,32251.581824051147,51363.630312377754,0.0,26.0,39.0,,,307.0,1386818.0184341993,833991.7543720715,0.2,0.0,,,,,,,,,,,,0,
4,57,luxury,-580061.6896270269,175.2,4936.262071478474,158508.8598508088,0.0,10.0,268.0,,,302.0,1426579.7386572792,2006641.428284306,0.3500000000000001,0.0,,,,,,,,,,,,0,
15,57,luxury,595699.4614412751,87.0,37829.852591684095,170234.33666257843,0.0,9.0,41.0,,,302.0,1361874.6933006274,766175.2318593523,0.10000000000000009,0.0,,,,,,,,,,,,0,
22,57,luxury,1015703.0718328953,25.0,128495.67750721349,256991.35501442698,0.0,10.0,11.0,,,302.0,2312922.195129843,1297219.1232969477,0.01,0.0,,,,,,,,,,,,0,
27,57,luxury,-531043.8914375955,12.0,1310316.9905059848,0.0,0.0,7.0,0.0,,,302.0,0.0,531043.8914375955,0.01,0.0,,,,,,,,,,,,0,
28,57,luxury,-1185590.0,12.0,1310316.9905059848,0.0,0.0,8.0,0.0,,,302.0,0.0,1185590.0,0.01,0.0,,,,,,,,,,,,0,
29,57,luxury,-711150.1633305842,12.0,1310316.9905059848,0.0,0.0,9.0,0.0,,,302.0,0.0,711150.1633305842,0.01,0.0,,,,,,,,,,,,0,
30,57,luxury,-1891040.389519439,12.0,1310316.9905059848,0.0,0.0,10.0,0.0,,,302.0,0.0,1891040.389519439,0.01,0.0,,,,,,,,,,,,0,
31,57,luxury,-2672526.054395059,12.0,1310316.9905059848,0.0,0.0,11.0,0.0,,,302.0,0.0,2672526.054395059,0.01,0.0,,,,,,,,,,,,0,
32,57,luxury,-3104517.1623930433,12.0,1310316.9905059848,0.0,0.0,12.0,0.0,,,302.0,0.0,3104517.1623930433,0.01,0.0,,,,,,,,,,,,0,
33,57,luxury,-3856292.639169208,12.0,1310316.9905059848,0.0,0.0,13.0,0.0,,,302.0,0.0,3856292.639169208,0.01,0.0,,,,,,,,,,,,0,
34,57,luxury,-5042464.766480011,12.0,1310316.9905059848,0.0,0.0,14.0,0.0,,,302.0,0.0,5042464.766480011,0.01,0.0,,,,,,,,,,,,0,
35,57,luxury,-5757039.839308981,12.0,1310316.9905059848,0.0,0.0,15.0,0.0,,,302.0,0.0,5757039.839308981,0.01,0.0,,,,,,,,,,,,0,
36,57,luxury,-6221113.910834229,12.0,1310316.9905059848,0.0,0.0,16.0,0.0,,,302.0,0.0,6221113.910834229,0.01,0.0,,,,,,,,,,,,0,
37,57,luxury,-6936945.321590296,12.0,1310316.9905059848,0.0,0.0,17.0,0.0,,,302.0,0.0,6936945.321590296,0.01,0.0,,,,,,,,,,,,0,
38,57,luxury,-7721471.973872542,12.0,1310316.9905059848,0.0,0.0,18.0,0.0,,,302.0,0.0,7721471.973872542,0.01,0.0,,,,,,,,,,,,0,
39,57,luxury,-8893047.214978166,12.0,1310316.9905059848,0.0,0.0,19.0,1.0,,,302.0,0.0,8893047.214978166,0.01,0.0,,,,,,,,,,,,0,
40,57,luxury,-8343134.059696193,11.0,1310316.9905059848,68964.05213189393,0.0,20.0,0.0,,,302.0,1310316.9905059848,9653451.050202178,0.01,0.0,,,,,,,,,,,,0,
