data/saved_data/run_2025_05_06_2131_new_production_level_with_2000_households/firm_data.csv
Step,AgentID,FirmType,Profit,Inventory,ProductPrice,RevenuePerEmployee,ProductionLevel,NumEmployees,DemandReceived,InventoryDemandRatio,SellThroughRate,ProductionCapacity,Revenue,Costs,Markup,ProducedUnits,IncomeBracket,NumPeople,SpendRatio,PostTaxIncome,HouseholdExpense,HouseholdSavings,HealthLevel,Welfare,SkillLevel,SkillType,JobLevel,IsEmployed,Wage
7,14,necessity,251895.59972242362,3483.0,50.13609670754721,4613.1593259945685,1.0,101.0,41034.0,,,5639.0,461315.9325994568,209420.3328770332,0.35,5639.0,,,,,,,,,,,,0,
8,14,necessity,-273.61757817317266,0.0,109.55495189668567,4528.133407586591,1.0,100.0,20930.0,,,5639.0,457341.47416624567,457615.09174441884,0.35,5639.0,,,,,,,,,,,,0,
9,14,necessity,408360.0408683773,0.0,50.13609670754721,6177.8037374541045,1.0,101.0,14970.0,,,5639.0,617780.3737454105,209420.3328770332,0.35,5639.0,,,,,,,,,,,,0,
10,14,necessity,-214907.41653512436,0.0,119.13345784784424,2799.1826666718684,1.0,100.0,19996.0,,,5639.0,282717.44933385873,497624.8658689831,0.35,5639.0,,,,,,,,,,,,0,
11,14,necessity,462373.2359269605,0.0,50.13609670754721,6717.935688039936,1.0,101.0,14969.0,,,5639.0,671793.5688039936,209420.3328770332,0.35,5639.0,,,,,,,,,,,,0,
12,14,necessity,-200435.7927840044,0.0,115.6688910699497,2799.1826666718684,1.0,100.0,30379.0,,,5639.0,282717.44933385873,483153.24211786315,0.35,5639.0,,,,,,,,,,,,0,
13,14,necessity,442836.5438664132,0.0,50.13609670754721,6522.568767434464,1.0,101.0,9785.0,,,5639.0,652256.8767434463,209420.3328770332,0.35,5639.0,,,,,,,,,,,,0,
14,14,necessity,-165852.2903574042,0.0,107.38945708030067,2799.1826666718684,1.0,100.0,15979.0,,,5639.0,282717.44933385873,448569.73969126295,0.35,5639.0,,,,,,,,,,,,0,
15,14,necessity,396148.8155987824,0.0,50.13609670754721,6055.691484758156,1.0,101.0,10937.0,,,5639.0,605569.1484758155,209420.3328770332,0.35,5639.0,,,,,,,,,,,,0,
16,14,necessity,-162540.0406249541,0.0,106.59649074974301,2799.1826666718684,1.0,100.0,5142.0,,,5639.0,282717.44933385873,445257.48995881283,0.35,5639.0,,,,,,,,,,,,0,
17,14,necessity,338698.8225581454,497.0,50.13609670754721,5481.191554351785,1.0,101.0,15545.0,,,5639.0,548119.1554351785,209420.3328770332,0.35,5639.0,,,,,,,,,,,,0,
18,14,necessity,-152407.15158728708,0.0,110.13602149660218,3045.8919742327694,1.0,100.0,1936.0,,,5639.0,307635.0893975097,460042.2409847968,0.35,5639.0,,,,,,,,,,,,0,
19,14,necessity,3803.0047403886274,3703.0,50.13609670754721,2132.233376174218,1.0,99.0,5180.0,,,5639.0,213223.3376174218,209420.3328770332,0.35,5639.0,,,,,,,,,,,,0,
20,14,necessity,-6070533.339575676,4162.0,1515.4853220761756,2623.282635809036,1.0,100.0,634.0,,,5639.0,259704.98094509455,6330238.320520771,0.35,5639.0,,,,,,,,,,,,0,
23,14,necessity,63820.528218756925,0.0,43.6539979930463,2461.648946827881,1.0,99.0,19841.0,,,5639.0,246164.89468278812,182344.3664640312,0.35,5639.0,,,,,,,,,,,,0,
24,14,necessity,-6084073.425837982,0.0,1515.4853220761756,2486.5140877049303,1.0,100.0,545.0,,,5639.0,246164.89468278812,6330238.320520771,0.35,5639.0,,,,,,,,,,,,0,
25,14,necessity,653048.8527424659,5094.0,41.39073851282611,8259.395005315157,1.0,101.0,29295.0,,,5639.0,825939.5005315157,172890.64778904975,0.35,5639.0,,,,,,,,,,,,0,
26,14,necessity,29822.768662798975,0.0,99.21483196036993,4398.483133249135,1.0,100.0,8730.0,,,5639.0,444246.79645816266,414424.0277953637,0.35,5639.0,,,,,,,,,,,,0,
27,14,necessity,386581.7896354763,0.0,41.39073851282611,5594.724374245261,1.0,101.0,31385.0,,,5639.0,559472.4374245261,172890.64778904975,0.35,5639.0,,,,,,,,,,,,0,
28,14,necessity,-208525.04955958814,0.0,105.79925914866297,2310.914598750757,1.0,100.0,12816.0,,,5639.0,233402.37447382644,441927.4240334146,0.35,5639.0,,,,,,,,,,,,0,
29,14,necessity,423711.3745502607,0.0,41.39073851282611,5966.020223393105,1.0,101.0,22321.0,,,5639.0,596602.0223393105,172890.64778904975,0.35,5639.0,,,,,,,,,,,,0,
30,14,necessity,-185470.15912516118,0.0,100.27982270940832,2310.914598750757,1.0,100.0,15827.0,,,5639.0,233402.37447382644,418872.5335989876,0.35,5639.0,,,,,,,,,,,,0,
31,14,necessity,392587.2724693038,0.0,41.39073851282611,5654.779202583536,1.0,101.0,34177.0,,,5639.0,565477.9202583536,172890.64778904975,0.35,5639.0,,,,,,,,,,,,0,
32,14,necessity,-177244.98391646857,0.0,98.31068163301785,2310.914598750757,1.0,100.0,12331.0,,,5639.0,233402.37447382644,410647.358390295,0.35,5639.0,,,,,,,,,,,,0,
33,14,necessity,381483.2859395379,0.0,41.39073851282611,5543.739337285877,1.0,101.0,36270.0,,,5639.0,554373.9337285877,172890.64778904975,0.35,5639.0,,,,,,,,,,,,0,
34,14,necessity,-270600.48850556364,0.0,120.66037682240048,2310.914598750757,1.0,100.0,11719.0,,,5639.0,233402.37447382644,504002.8629793901,0.35,5639.0,,,,,,,,,,,,0,
35,14,necessity,507513.2171124666,0.0,41.39073851282611,6804.038649015163,1.0,101.0,41155.0,,,5639.0,680403.8649015164,172890.64778904975,0.35,5639.0,,,,,,,,,,,,0,
36,14,necessity,-193528.0853709969,0.0,102.20892369006962,2310.914598750757,1.0,100.0,11296.0,,,5639.0,233402.37447382644,426930.45984482334,0.35,5639.0,,,,,,,,,,,,0,
37,14,necessity,403465.4728992528,0.0,41.39073851282611,5763.561206883026,1.0,101.0,62078.0,,,5639.0,576356.1206883026,172890.64778904975,0.35,5639.0,,,,,,,,,,,,0,
38,14,necessity,-217924.89689381683,0.0,108.04962160636083,2310.914598750757,1.0,100.0,11754.0,,,5639.0,233402.37447382644,451327.27136764326,0.35,5639.0,,,,,,,,,,,,0,
39,14,necessity,436401.16844921897,0.0,41.39073851282611,6092.918162382687,1.0,101.0,41851.0,,,5639.0,609291.8162382687,172890.64778904975,0.35,5639.0,,,,,,,,,,,,0,
40,14,necessity,-204057.2593873061,0.0,104.72965164174487,2310.914598750757,1.0,100.0,20392.0,,,5639.0,233402.37447382644,437459.63386113255,0.35,5639.0,,,,,,,,,,,,0,
41,14,necessity,417679.8578187495,0.0,41.39073851282611,5905.705056077993,1.0,101.0,40454.0,,,5639.0,590570.5056077993,172890.64778904975,0.35,5639.0,,,,,,,,,,,,0,
8,11,necessity,-5549803.228770087,0.0,1059.3001347906313,7920.485431587849,1.0,88.0,108.0,,,7951.0,689082.2325481429,6238885.461318229,0.35,7951.0,,,,,,,,,,,,0,
9,11,necessity,-118576.8967071422,7843.0,39.55788833700895,1300.0501654248658,1.0,87.0,66628.0,,,7951.0,114404.41455738818,232981.31126453038,0.35,7951.0,,,,,,,,,,,,0,
10,11,necessity,-5614108.17292351,0.0,1059.3001347906313,7181.3481424680385,1.0,88.0,516.0,,,7951.0,624777.2883947194,6238885.461318229,0.35,7951.0,,,,,,,,,,,,0,
11,11,necessity,321218.5388310711,7435.0,38.26731812790095,6211.350790363247,1.0,87.0,63843.0,,,7951.0,546598.8695519657,225380.33072089465,0.35,7951.0,,,,,,,,,,,,0,
12,11,necessity,-5650104.504602346,0.0,1059.3001347906313,6767.597203630851,1.0,88.0,353.0,,,7951.0,588780.956715884,6238885.461318229,0.35,7951.0,,,,,,,,,,,,0,
13,11,necessity,131065.92643067116,7598.0,41.23638265775788,4249.238040694237,1.0,87.0,60162.0,,,7951.0,373932.9475810928,242867.02115042167,0.35,7951.0,,,,,,,,,,,,0,
14,11,necessity,-5597700.947372752,0.0,1059.3001347906313,7369.936941902038,1.0,88.0,272.0,,,7951.0,641184.5139454773,6238885.461318229,0.35,7951.0,,,,,,,,,,,,0,
15,11,necessity,81752.31939946781,7679.0,35.040797166494464,3274.200416625588,1.0,87.0,67848.0,,,7951.0,288129.63666305173,206377.31726358391,0.35,7951.0,,,,,,,,,,,,0,
16,11,necessity,-5691197.801605921,0.0,1059.3001347906313,6295.260456463316,1.0,88.0,325.0,,,7951.0,547687.6597123084,6238885.461318229,0.35,7951.0,,,,,,,,,,,,0,
17,11,necessity,117719.67840571568,7626.0,38.466402748485336,3912.1879978063084,1.0,87.0,9757.0,,,7951.0,344272.54380695516,226552.86540123948,0.35,7951.0,,,,,,,,,,,,0,
18,11,necessity,-5863568.769701258,5820.0,1059.3001347906313,4313.984961114615,1.0,88.0,842.0,,,7951.0,375316.69161697145,6238885.461318229,0.35,7951.0,,,,,,,,,,,,0,
19,11,necessity,691613.3864341523,12929.0,34.01187165091098,10135.576289701268,1.0,89.0,67140.0,,,7951.0,891930.7134937115,200317.32705955932,0.35,7951.0,,,,,,,,,,,,0,
20,11,necessity,223862.2454020882,0.0,82.5698159628336,7979.414382820465,1.0,88.0,7691.0,,,7951.0,710167.8800710214,486305.63466893317,0.35,7951.0,,,,,,,,,,,,0,
21,11,necessity,434727.127510594,260.0,34.01187165091098,7216.4142564790145,1.0,87.0,68372.0,,,7951.0,635044.4545701533,200317.32705955932,0.35,7951.0,,,,,,,,,,,,0,
22,11,necessity,-5959613.983192599,0.0,1059.3001347906313,3210.016989949771,1.0,86.0,1058.0,,,7951.0,279271.47812563006,6238885.461318229,0.35,7951.0,,,,,,,,,,,,0,
23,11,necessity,-5046620.918709742,6893.0,1047.1559076509186,13031.855146610324,1.0,87.0,673.0,,,7951.0,1120739.542608488,6167360.461318229,0.35,7951.0,,,,,,,,,,,,0,
24,11,necessity,483397.0791854529,14171.0,37.58111469730846,8100.412940793887,1.0,86.0,57494.0,,,7951.0,704735.9258490682,221338.8466636153,0.35,7951.0,,,,,,,,,,,,0,
25,11,necessity,-5335991.041984372,0.0,1047.1559076509186,9667.086271323928,1.0,87.0,1316.0,,,7951.0,831369.4193338577,6167360.461318229,0.35,7951.0,,,,,,,,,,,,0,
26,11,necessity,1178747.4665538697,6635.0,33.84078803308476,15839.737637570217,1.0,88.0,79926.0,,,7951.0,1378057.1744686088,199309.70791473906,0.35,7951.0,,,,,,,,,,,,0,
27,11,necessity,-35086.13196062751,0.0,89.7658935096663,5609.110616483799,1.0,87.0,13506.0,,,7951.0,493601.7342505744,528687.8662112019,0.35,7951.0,,,,,,,,,,,,0,
28,11,necessity,514418.91138061776,0.0,33.84078803308476,8203.777233279963,1.0,88.0,94969.0,,,7951.0,713728.6192953568,199309.70791473906,0.35,7951.0,,,,,,,,,,,,0,
29,11,necessity,-209055.83778877754,0.0,81.18064690763376,3057.592109671102,1.0,87.0,16356.0,,,7951.0,269068.105651057,478123.9434398345,0.35,7951.0,,,,,,,,,,,,0,
30,11,necessity,446157.61564785696,0.0,33.84078803308476,7419.164638650529,1.0,88.0,113021.0,,,7951.0,645467.323562596,199309.70791473906,0.35,7951.0,,,,,,,,,,,,0,
31,11,necessity,-260481.881657584,0.0,89.91227301933758,3057.592109671102,1.0,87.0,14766.0,,,7951.0,269068.105651057,529549.987308641,0.35,7951.0,,,,,,,,,,,,0,
32,11,necessity,515582.774862014,0.0,33.84078803308476,8217.154974445437,1.0,88.0,81435.0,,,7951.0,714892.482776753,199309.70791473906,0.35,7951.0,,,,,,,,,,,,0,
33,11,necessity,-195494.90332349716,0.0,78.87813633967676,3057.592109671102,1.0,87.0,23120.0,,,7951.0,269068.105651057,464563.00897455413,0.35,7951.0,,,,,,,,,,,,0,
34,11,necessity,427850.3541220309,0.0,33.84078803308476,7208.7363452502295,1.0,88.0,96642.0,,,7951.0,627160.0620367699,199309.70791473906,0.35,7951.0,,,,,,,,,,,,0,
35,11,necessity,-203708.3953550387,0.0,80.27270485196283,3057.592109671102,1.0,87.0,16539.0,,,7951.0,269068.105651057,472776.50100609567,0.35,7951.0,,,,,,,,,,,,0,
36,11,necessity,438938.5683632174,0.0,33.84078803308476,7336.187083654671,1.0,88.0,93974.0,,,7951.0,638248.2762779564,199309.70791473906,0.35,7951.0,,,,,,,,,,,,0,
37,11,necessity,-193121.4441916098,0.0,78.47514680029242,3057.592109671102,1.0,87.0,17281.0,,,7951.0,269068.105651057,462189.5498426668,0.35,7951.0,,,,,,,,,,,,0,
38,11,necessity,424646.18429438595,0.0,33.84078803308476,7171.906807001436,1.0,88.0,105554.0,,,7951.0,623955.892209125,199309.70791473906,0.35,7951.0,,,,,,,,,,,,0,
39,11,necessity,-194030.82629693835,0.0,78.62955075476847,3057.592109671102,1.0,87.0,17252.0,,,7951.0,269068.105651057,463098.9319479953,0.35,7951.0,,,,,,,,,,,,0,
40,11,necessity,425873.8501364251,0.0,33.84078803308476,7186.01790863407,1.0,88.0,110472.0,,,7951.0,625183.5580511641,199309.70791473906,0.35,7951.0,,,,,,,,,,,,0,
41,11,necessity,-264775.60835050733,0.0,90.64130471783052,3057.592109671102,1.0,87.0,24836.0,,,7951.0,269068.105651057,533843.7140015643,0.35,7951.0,,,,,,,,,,,,0,
8,35,necessity,-1868227.6597482595,148.0,600.0311920384534,18361.624026993406,1.0,45.0,528.0,,,6021.0,807911.4571877099,2676139.1169359693,0.35,6021.0,,,,,,,,,,,,0,
9,35,necessity,138736.88358227687,5641.0,39.92815824763454,7040.365986584519,1.0,44.0,37406.0,,,6021.0,316816.46939630335,178079.58581402648,0.35,6021.0,,,,,,,,,,,,0,
10,35,necessity,-2210496.935452055,0.0,600.0311920384534,10582.776851907138,1.0,45.0,576.0,,,6021.0,465642.181483914,2676139.1169359693,0.35,6021.0,,,,,,,,,,,,0,
11,35,necessity,153124.8118609174,5445.0,43.159900161717815,7680.399258092204,1.0,44.0,31076.0,,,6021.0,345617.96661414916,192493.15475323176,0.35,6021.0,,,,,,,,,,,,0,
12,35,necessity,-2181267.7016817126,0.0,600.0311920384534,11247.07761941492,1.0,45.0,240.0,,,6021.0,494871.41525425646,2676139.1169359693,0.35,6021.0,,,,,,,,,,,,0,
13,35,necessity,-70973.95863782088,5781.0,48.2021176437992,3200.1663575384177,1.0,44.0,32192.0,,,6021.0,144007.4860892288,214981.44472704967,0.35,6021.0,,,,,,,,,,,,0,
14,35,necessity,-2107257.724503851,0.0,600.0311920384534,12929.122555275413,1.0,45.0,528.0,,,6021.0,568881.3924321182,2676139.1169359693,0.35,6021.0,,,,,,,,,,,,0,
15,35,necessity,138132.1968118983,5493.0,40.06373824097045,7040.365986584519,1.0,44.0,47658.0,,,6021.0,316816.46939630335,178684.27258440506,0.35,6021.0,,,,,,,,,,,,0,
16,35,necessity,-2214845.2348294356,0.0,600.0311920384534,10483.951866057587,1.0,45.0,576.0,,,6021.0,461293.8821065338,2676139.1169359693,0.35,6021.0,,,,,,,,,,,,0,
17,35,necessity,123118.01753491338,5445.0,49.88788095118426,7680.399258092204,1.0,44.0,33507.0,,,6021.0,345617.96661414916,222499.94907923578,0.35,6021.0,,,,,,,,,,,,0,
18,35,necessity,-2104124.6739496905,0.0,600.0311920384534,13000.328249688151,1.0,45.0,816.0,,,6021.0,572014.4429862787,2676139.1169359693,0.35,6021.0,,,,,,,,,,,,0,
19,35,necessity,305223.24172717665,5205.0,41.34578720752798,10880.565615630621,1.0,44.0,39322.0,,,6021.0,489625.45270337793,184402.21097620128,0.35,6021.0,,,,,,,,,,,,0,
20,35,necessity,-2211991.3097442603,0.0,600.0311920384534,10548.813799811569,1.0,43.0,624.0,,,6021.0,464147.80719170906,2676139.1169359693,0.35,6021.0,,,,,,,,,,,,0,
21,35,necessity,-2241295.6531039746,5397.0,586.4832099779231,8707.429391441743,1.0,42.0,933.0,,,6021.0,374419.4638319949,2615715.1169359693,0.35,6021.0,,,,,,,,,,,,0,
22,35,necessity,-2008102.282026567,10485.0,572.935227917393,13028.305593081008,1.0,43.0,1156.0,,,6021.0,547188.8349094023,2555291.1169359693,0.35,6021.0,,,,,,,,,,,,0,
25,35,necessity,63089.10820834883,0.0,40.41582846783245,5659.155888484167,1.0,42.0,38805.0,,,6021.0,243343.70320481918,180254.59499647035,0.35,6021.0,,,,,,,,,,,,0,
26,35,necessity,-2311947.4137311503,0.0,572.935227917393,5793.897695352837,1.0,43.0,753.0,,,6021.0,243343.70320481918,2555291.1169359693,0.35,6021.0,,,,,,,,,,,,0,
27,35,necessity,259493.53278028124,5268.0,38.54858605671776,10033.028526088301,1.0,44.0,49275.0,,,6021.0,431420.22662179696,171926.69384151572,0.35,6021.0,,,,,,,,,,,,0,
28,35,necessity,35549.39664422721,0.0,89.60215051203758,9890.340636233792,1.0,43.0,23035.0,,,6021.0,435174.9879942868,399625.5913500596,0.35,6021.0,,,,,,,,,,,,0,
29,35,necessity,367567.85439146264,0.0,38.54858605671776,12546.384842627403,1.0,44.0,37425.0,,,6021.0,539494.5482329783,171926.69384151572,0.35,6021.0,,,,,,,,,,,,0,
30,35,necessity,-174501.49838358338,0.0,91.16648765998886,5275.023560170401,1.0,43.0,17828.0,,,6021.0,232101.03664749762,406602.535031081,0.35,6021.0,,,,,,,,,,,,0,
31,35,necessity,376986.72835927724,0.0,38.54858605671776,12765.428423274254,1.0,44.0,61087.0,,,6021.0,548913.4222007929,171926.69384151572,0.35,6021.0,,,,,,,,,,,,0,
32,35,necessity,-207267.02955393872,0.0,98.51301931131474,5275.023560170401,1.0,43.0,25084.0,,,6021.0,232101.03664749762,439368.06620143633,0.35,6021.0,,,,,,,,,,,,0,
33,35,necessity,421220.19543191034,0.0,38.54858605671776,13794.113704033163,1.0,44.0,44034.0,,,6021.0,593146.889273426,171926.69384151572,0.35,6021.0,,,,,,,,,,,,0,
34,35,necessity,-172529.0042822493,0.0,90.7242244086421,5275.023560170401,1.0,43.0,24259.0,,,6021.0,232101.03664749762,404630.04092974693,0.35,6021.0,,,,,,,,,,,,0,
35,35,necessity,374323.86132291844,0.0,38.54858605671776,12703.501282893818,1.0,44.0,65980.0,,,6021.0,546250.5551644341,171926.69384151572,0.35,6021.0,,,,,,,,,,,,0,
36,35,necessity,-200236.2150373875,0.0,96.93660350069062,5275.023560170401,1.0,43.0,27251.0,,,6021.0,232101.03664749762,432337.2516848851,0.35,6021.0,,,,,,,,,,,,0,
37,35,necessity,411728.59583614254,0.0,38.54858605671776,13573.378829712981,1.0,44.0,80085.0,,,6021.0,583655.2896776582,171926.69384151572,0.35,6021.0,,,,,,,,,,,,0,
38,35,necessity,-160553.13391335175,0.0,88.03905168063571,5275.023560170401,1.0,43.0,29423.0,,,6021.0,232101.03664749762,392654.17056084936,0.35,6021.0,,,,,,,,,,,,0,
39,35,necessity,358156.4363275919,0.0,38.54858605671776,12327.514655095525,1.0,44.0,65919.0,,,6021.0,530083.1301691076,171926.69384151572,0.35,6021.0,,,,,,,,,,,,0,
40,35,necessity,-201869.37109601824,0.0,97.30278198911205,5275.023560170401,1.0,43.0,31710.0,,,6021.0,232101.03664749762,433970.40774351585,0.35,6021.0,,,,,,,,,,,,0,
41,35,necessity,413933.35651492793,0.0,38.54858605671776,13624.652333870781,1.0,44.0,47881.0,,,6021.0,585860.0503564436,171926.69384151572,0.35,6021.0,,,,,,,,,,,,0,
