data/saved_data/run_2025_05_06_2131_new_production_level_with_2000_households/firm_data.csv
Step,AgentID,FirmType,Profit,Inventory,ProductPrice,RevenuePerEmployee,ProductionLevel,NumEmployees,DemandReceived,InventoryDemandRatio,SellThroughRate,ProductionCapacity,Revenue,Costs,Markup,ProducedUnits,IncomeBracket,NumPeople,SpendRatio,PostTaxIncome,HouseholdExpense,HouseholdSavings,HealthLevel,Welfare,SkillLevel,SkillType,JobLevel,IsEmployed,Wage
9,53,luxury,210849.53354846768,171.0,1935.3348478935468,31084.00242813467,1.0,20.0,289.0,,,282.0,652764.0509908281,441914.5174423604,0.235,282.0,,,,,,,,,,,,0,
10,53,luxury,-2647520.1196704586,164.0,14214.68031622318,27965.588552061752,1.0,19.0,121.0,,,282.0,559311.7710412351,3206831.8907116936,0.25,282.0,,,,,,,,,,,,0,
14,53,luxury,445366.9402359476,0.0,3066.803600695004,59227.26233072024,1.0,19.0,275.0,,,282.0,1184545.2466144047,739178.3063784571,0.17,282.0,,,,,,,,,,,,0,
15,53,luxury,-2204478.9005205673,7.0,13131.69363150005,44387.94685216453,1.0,18.0,167.0,,,282.0,843370.9901911261,3047849.8907116936,0.21500000000000002,282.0,,,,,,,,,,,,0,
16,53,luxury,-695875.0542511852,122.0,12395.496933920753,121832.93535891714,1.0,19.0,149.0,,,282.0,2192992.8364605084,2888867.8907116936,0.21000000000000002,282.0,,,,,,,,,,,,0,
25,53,luxury,-369528.6818047437,0.0,5509.989956064339,49273.686058049025,1.0,18.0,960.0,,,282.0,936200.0351029314,1305728.7169076751,0.19,282.0,,,,,,,,,,,,0,
26,53,luxury,971628.4224175668,0.0,2611.5913477199233,86323.17597834131,1.0,19.0,2305.0,,,282.0,1553817.1676101435,582188.7451925768,0.265,282.0,,,,,,,,,,,,0,
27,53,luxury,-511645.72973054205,0.0,5864.367706043084,38761.513687211496,1.0,18.0,503.0,,,282.0,736468.7600570184,1248114.4897875604,0.325,282.0,,,,,,,,,,,,0,
28,53,luxury,1071562.9479115726,0.0,2890.298724749322,91875.09406134165,1.0,19.0,1442.0,,,282.0,1653751.6931041495,582188.7451925768,0.4,282.0,,,,,,,,,,,,0,
29,53,luxury,-432020.9922615825,0.0,6390.20622260951,42898.117914700466,1.0,18.0,678.0,,,282.0,815064.2403793088,1247085.2326408913,0.445,282.0,,,,,,,,,,,,0,
30,53,luxury,1219849.409583305,0.0,3117.3936245510545,100113.23082088232,1.0,19.0,1965.0,,,282.0,1802038.154775882,582188.7451925768,0.51,282.0,,,,,,,,,,,,0,
31,53,luxury,-409914.433656072,0.0,7016.471017393668,46268.68432228407,1.0,18.0,628.0,,,282.0,879105.0021233973,1289019.4357794693,0.535,282.0,,,,,,,,,,,,0,
32,53,luxury,1396456.0817124378,0.0,3303.198542570654,109924.71260583414,1.0,19.0,1319.0,,,282.0,1978644.8269050145,582188.7451925768,0.6000000000000001,282.0,,,,,,,,,,,,0,
33,53,luxury,-328835.78911815025,0.0,7351.970346313786,49026.42047394339,1.0,18.0,1012.0,,,282.0,931501.9890049244,1260337.7781230747,0.6450000000000001,282.0,,,,,,,,,,,,0,
34,53,luxury,1491066.892467911,0.0,3530.293442372387,115180.86875891598,1.0,19.0,1986.0,,,282.0,2073255.6376604876,582188.7451925768,0.7100000000000002,282.0,,,,,,,,,,,,0,
35,53,luxury,-231432.69239295262,0.0,7548.944632277893,52396.986881527,1.0,18.0,613.0,,,282.0,995542.750749013,1226975.4431419657,0.7350000000000002,282.0,,,,,,,,,,,,0,
36,53,luxury,1546613.6411097893,0.0,3736.7433512830526,118266.79923902033,1.0,19.0,1864.0,,,282.0,2128802.386302366,582188.7451925768,0.8100000000000003,282.0,,,,,,,,,,,,0,
37,53,luxury,-227055.31032589683,0.0,8425.231938719804,55461.13816114846,1.0,18.0,1286.0,,,282.0,1053761.6250618207,1280816.9353877176,0.8550000000000003,282.0,,,,,,,,,,,,0,
38,53,luxury,1793726.661526408,0.0,3963.8382510847855,131995.30037327693,1.0,19.0,1495.0,,,282.0,2375915.4067189847,582188.7451925768,0.9200000000000004,282.0,,,,,,,,,,,,0,
39,53,luxury,-146321.5056663656,0.0,8763.695748296463,58831.70456873208,1.0,18.0,701.0,,,282.0,1117802.3868059095,1264123.892472275,0.9550000000000004,282.0,,,,,,,,,,,,0,
40,53,luxury,1889173.4558270257,0.0,4139.320673658851,137297.90005664458,1.0,19.0,1251.0,,,282.0,2471362.2010196024,582188.7451925768,1.0050000000000003,282.0,,,,,,,,,,,,0,
10,23,necessity,-206436.47465862578,1908.0,260.8045408992693,11531.134277576266,1.0,49.0,1216.0,,,4053.0,576556.7138788133,782993.1885374391,0.35,4053.0,,,,,,,,,,,,0,
14,23,necessity,-329646.6250612648,3187.0,256.6233883585676,8815.876288017635,1.0,49.0,5164.0,,,4053.0,440793.8144008817,770440.4394621465,0.35,4053.0,,,,,,,,,,,,0,
15,23,necessity,757675.6708331249,2076.0,189.03580897832805,27044.962805788633,1.0,50.0,3205.0,,,4053.0,1325203.177483643,567527.506650518,0.35,4053.0,,,,,,,,,,,,0,
16,23,necessity,-169777.62471359677,2924.0,258.3544237853398,12117.195355510828,1.0,49.0,8464.0,,,4053.0,605859.7677755414,775637.3924891382,0.35,4053.0,,,,,,,,,,,,0,
17,23,necessity,1235011.308099798,0.0,189.03580897832805,36786.50642347583,1.0,50.0,4576.0,,,4053.0,1802538.8147503159,567527.506650518,0.35,4053.0,,,,,,,,,,,,0,
18,23,necessity,-7484.03215206333,0.0,257.6911728998187,15323.24267578327,1.0,49.0,5709.0,,,4053.0,766162.1337891635,773646.1659412269,0.35,4053.0,,,,,,,,,,,,0,
19,23,necessity,476894.8171124471,0.0,189.03580897832805,21314.741301285005,1.0,50.0,3356.0,,,4053.0,1044422.3237629652,567527.506650518,0.35,4053.0,,,,,,,,,,,,0,
20,23,necessity,-146042.93290593673,697.0,259.9564755293045,12688.083498625378,1.0,49.0,6169.0,,,4053.0,634404.1749312689,780447.1078372056,0.35,4053.0,,,,,,,,,,,,0,
21,23,necessity,667265.7521136784,0.0,189.03580897832805,25199.86242375911,1.0,50.0,3661.0,,,4053.0,1234793.2587641964,567527.506650518,0.35,4053.0,,,,,,,,,,,,0,
22,23,necessity,-147992.55461588257,392.0,279.810283482771,13841.20193339318,1.0,49.0,5227.0,,,4053.0,692060.096669659,840052.6512855416,0.35,4053.0,,,,,,,,,,,,0,
23,23,necessity,636530.2180402327,0.0,202.25900914203436,25382.79000165137,1.0,50.0,3422.0,,,4053.0,1243756.7100809172,607226.4920406846,0.35,4053.0,,,,,,,,,,,,0,
24,23,necessity,-129742.55485856882,631.0,273.7548466120822,13842.60658568083,1.0,49.0,2211.0,,,4053.0,692130.3292840415,821872.8841426104,0.35,4053.0,,,,,,,,,,,,0,
10,51,luxury,-495177.91639279993,93.0,4621.896250893361,16711.040402724102,1.0,31.0,292.0,,,322.0,534753.2928871713,1029931.2092799712,0.445,322.0,,,,,,,,,,,,0,
13,51,luxury,637663.4672166092,151.0,1981.9858623958642,33640.9505486864,1.0,32.0,1060.0,,,322.0,1042869.4670092784,405205.9997926692,0.5750000000000001,322.0,,,,,,,,,,,,0,
14,51,luxury,-62344.64104922977,0.0,5030.170187543594,29296.228528538868,1.0,31.0,616.0,,,322.0,937479.3129132438,999823.9539624735,0.6200000000000001,322.0,,,,,,,,,,,,0,
15,51,luxury,1214508.800596368,0.0,2132.9943090545967,52248.86452867862,1.0,32.0,855.0,,,322.0,1619714.8003890372,405205.9997926692,0.6950000000000001,322.0,,,,,,,,,,,,0,
16,51,luxury,-382740.8726143751,0.0,5779.637155423867,21463.255234861877,1.0,31.0,62.0,,,322.0,686824.1675155801,1069565.0401299552,0.7400000000000001,322.0,,,,,,,,,,,,0,
17,51,luxury,-46868.496156389476,260.0,2070.0741229467912,11559.274310847733,1.0,30.0,1507.0,,,322.0,358337.5036362797,405205.9997926692,0.6450000000000001,322.0,,,,,,,,,,,,0,
18,51,luxury,-3176896.530188538,0.0,22724.86032840653,40159.43798516775,1.0,31.0,97.0,,,322.0,1204783.1395550326,4381679.6697435705,0.6700000000000002,322.0,,,,,,,,,,,,0,
19,51,luxury,1507150.7679388598,225.0,3399.199597359692,71106.82102759462,1.0,32.0,686.0,,,322.0,2204311.451855433,697160.6839165733,0.5700000000000002,322.0,,,,,,,,,,,,0,
20,51,luxury,785420.7096584707,0.0,5353.031224077965,58105.068117367235,1.0,31.0,267.0,,,322.0,1859362.1797557515,1073941.4700972808,0.6050000000000002,322.0,,,,,,,,,,,,0,
21,51,luxury,1027008.8809045386,55.0,2036.2367736656417,46105.13989770376,1.0,30.0,825.0,,,322.0,1429259.3368288167,402250.45592427807,0.6300000000000002,322.0,,,,,,,,,,,,0,
22,51,luxury,-3614018.406071624,0.0,22520.744816474737,25588.708789064898,1.0,29.0,88.0,,,322.0,767661.263671947,4381679.6697435705,0.6550000000000002,322.0,,,,,,,,,,,,0,
23,51,luxury,-2254647.125893794,234.0,20458.742176995373,68338.81185688885,1.0,30.0,159.0,,,322.0,1981825.5438497767,4236472.6697435705,0.5550000000000003,322.0,,,,,,,,,,,,0,
26,51,luxury,3747996.0743700564,0.0,2319.480074834714,140493.0480293406,1.0,31.0,2824.0,,,322.0,4214791.440880218,466795.36651016114,0.6000000000000003,322.0,,,,,,,,,,,,0,
27,51,luxury,-311503.83900810697,0.0,5406.923014287618,24092.664003121867,1.0,30.0,383.0,,,322.0,746872.5840967778,1058376.4231048848,0.6450000000000004,322.0,,,,,,,,,,,,0,
28,51,luxury,1274233.8440904517,0.0,2493.4410804473173,58034.30702002043,1.0,31.0,1221.0,,,322.0,1741029.210600613,466795.36651016114,0.7200000000000004,322.0,,,,,,,,,,,,0,
29,51,luxury,-338926.0514510961,0.0,6258.701378270521,25899.613803356006,1.0,30.0,765.0,,,322.0,802888.0279040362,1141814.0793551323,0.7650000000000005,322.0,,,,,,,,,,,,0,
30,51,luxury,1548506.4772929465,0.0,2667.402086059921,67176.72812677026,1.0,31.0,2677.0,,,322.0,2015301.8438031077,466795.36651016114,0.8400000000000005,322.0,,,,,,,,,,,,0,
31,51,luxury,-215807.34497179568,0.0,6224.644928227699,27706.563603590148,1.0,30.0,682.0,,,322.0,858903.4717112946,1074710.8166830903,0.8650000000000005,322.0,,,,,,,,,,,,0,
32,51,luxury,1537540.3003791578,0.0,2797.8728402693737,66811.18889631063,1.0,31.0,3130.0,,,322.0,2004335.666889319,466795.36651016114,0.9300000000000006,322.0,,,,,,,,,,,,0,
33,51,luxury,-224801.10228592867,0.0,6904.625474780722,29061.77595376575,1.0,30.0,1383.0,,,322.0,900915.0545667383,1125716.156852667,0.9750000000000006,322.0,,,,,,,,,,,,0,
34,51,luxury,1756494.036369231,0.0,2971.8338458819776,74109.64676264641,1.0,31.0,2749.0,,,322.0,2223289.4028793923,466795.36651016114,1.0500000000000007,322.0,,,,,,,,,,,,0,
35,51,luxury,-108990.2634127849,0.0,6935.105555926096,30868.725753999897,1.0,30.0,652.0,,,322.0,956930.4983739968,1065920.7617867817,1.0950000000000006,322.0,,,,,,,,,,,,0,
36,51,luxury,1766308.6224980415,0.0,3145.794851494581,74436.79963360676,1.0,31.0,2622.0,,,322.0,2233103.9890082027,466795.36651016114,1.1700000000000006,322.0,,,,,,,,,,,,0,
37,51,luxury,-94750.88222121575,0.0,7550.914664635122,32675.675554234036,1.0,30.0,863.0,,,322.0,1012945.9421812551,1107696.8244024708,1.1950000000000005,322.0,,,,,,,,,,,,0,
38,51,luxury,1964599.1555023482,0.0,3261.7688552363165,81046.48406708364,1.0,31.0,2140.0,,,322.0,2431394.5220125094,466795.36651016114,1.2500000000000004,322.0,,,,,,,,,,,,0,
39,51,luxury,-37176.73451120686,0.0,7683.185833022279,33880.30875439013,1.0,30.0,1081.0,,,322.0,1050289.571386094,1087466.3058973008,1.2750000000000004,322.0,,,,,,,,,,,,0,
40,51,luxury,2007190.4717230126,0.0,3377.7428589780516,82466.19460777246,1.0,31.0,2171.0,,,322.0,2473985.838233174,466795.36651016114,1.3300000000000003,322.0,,,,,,,,,,,,0,
10,54,luxury,-1835349.8017730026,255.0,27134.20973496188,42014.260234779686,0.0,32.0,73.0,,,344.0,1302442.0672781703,3137791.869051173,0.155,0.0,,,,,,,,,,,,0,
11,54,luxury,-1914890.2986547663,182.0,27134.20973496188,61899.91595788179,0.0,33.0,49.0,,,344.0,1980797.3106522174,3895687.6093069836,0.155,0.0,,,,,,,,,,,,0,
12,54,luxury,-3095034.8809556495,133.0,27134.20973496188,40290.190212519155,0.0,32.0,65.0,,,344.0,1329576.277013132,4424611.157968782,0.155,0.0,,,,,,,,,,,,0,
16,54,luxury,-903439.7209031146,59.0,75021.86930465142,53241.326603301015,0.0,32.0,17.0,,,344.0,1650481.1247023314,2553920.845605446,0.09,0.0,,,,,,,,,,,,0,
17,54,luxury,-2423357.044295604,42.0,75021.86930465142,39855.36806809607,0.0,31.0,21.0,,,344.0,1275371.7781790742,3698728.822474678,0.09,0.0,,,,,,,,,,,,0,
24,54,luxury,-990037.4936475061,14.0,907084.8951958527,0.0,0.0,30.0,0.0,,,344.0,0.0,990037.4936475061,0.01,0.0,,,,,,,,,,,,0,
25,54,luxury,-1785240.6748992587,14.0,907084.8951958527,0.0,0.0,31.0,0.0,,,344.0,0.0,1785240.6748992587,0.01,0.0,,,,,,,,,,,,0,
26,54,luxury,-2551384.4968782766,14.0,907084.8951958527,0.0,0.0,32.0,0.0,,,344.0,0.0,2551384.4968782766,0.01,0.0,,,,,,,,,,,,0,
27,54,luxury,-3734112.697199084,14.0,907084.8951958527,0.0,0.0,33.0,0.0,,,344.0,0.0,3734112.697199084,0.01,0.0,,,,,,,,,,,,0,
28,54,luxury,-4490590.1256151255,14.0,907084.8951958527,0.0,0.0,34.0,0.0,,,344.0,0.0,4490590.1256151255,0.01,0.0,,,,,,,,,,,,0,
29,54,luxury,-5234352.968200462,14.0,907084.8951958527,0.0,0.0,35.0,0.0,,,344.0,0.0,5234352.968200462,0.01,0.0,,,,,,,,,,,,0,
30,54,luxury,-6544155.594510901,14.0,907084.8951958527,0.0,0.0,36.0,1.0,,,344.0,0.0,6544155.594510901,0.01,0.0,,,,,,,,,,,,0,
31,54,luxury,-6135147.475617571,13.0,907084.8951958527,25196.802644329244,0.0,37.0,0.0,,,344.0,907084.8951958527,7042232.370813424,0.01,0.0,,,,,,,,,,,,0,
32,54,luxury,-7775334.498946307,13.0,907084.8951958527,0.0,0.0,36.0,0.0,,,344.0,0.0,7775334.498946307,0.01,0.0,,,,,,,,,,,,0,
33,54,luxury,-6592606.2986255,13.0,907084.8951958527,0.0,0.0,37.0,0.0,,,344.0,0.0,6592606.2986255,0.01,0.0,,,,,,,,,,,,0,
34,54,luxury,-7772081.5833909735,13.0,907084.8951958527,0.0,0.0,38.0,0.0,,,344.0,0.0,7772081.5833909735,0.01,0.0,,,,,,,,,,,,0,
35,54,luxury,-8706914.194148242,13.0,907084.8951958527,0.0,0.0,39.0,0.0,,,344.0,0.0,8706914.194148242,0.01,0.0,,,,,,,,,,,,0,
36,54,luxury,-9161149.901413878,13.0,907084.8951958527,0.0,0.0,40.0,2.0,,,344.0,0.0,9161149.901413878,0.01,0.0,,,,,,,,,,,,0,
37,54,luxury,-8536575.681892168,11.0,907084.8951958527,45354.24475979264,0.0,41.0,0.0,,,344.0,1814169.7903917055,10350745.472283874,0.01,0.0,,,,,,,,,,,,0,
38,54,luxury,-11046228.528152097,11.0,907084.8951958527,0.0,0.0,40.0,0.0,,,344.0,0.0,11046228.528152097,0.01,0.0,,,,,,,,,,,,0,
39,54,luxury,-9866753.243386624,11.0,907084.8951958527,0.0,0.0,41.0,0.0,,,344.0,0.0,9866753.243386624,0.01,0.0,,,,,,,,,,,,0,
40,54,luxury,-11014917.370278582,11.0,907084.8951958527,0.0,0.0,42.0,3.0,,,344.0,0.0,11014917.370278582,0.01,0.0,,,,,,,,,,,,0,
