data/saved_data/run_2025_05_06_2131_new_production_level_with_2000_households/firm_data.csv
Step,AgentID,FirmType,Profit,Inventory,ProductPrice,RevenuePerEmployee,ProductionLevel,NumEmployees,DemandReceived,InventoryDemandRatio,SellThroughRate,ProductionCapacity,Revenue,Costs,Markup,ProducedUnits,IncomeBracket,NumPeople,SpendRatio,PostTaxIncome,HouseholdExpense,HouseholdSavings,HealthLevel,Welfare,SkillLevel,SkillType,JobLevel,IsEmployed,Wage
10,55,luxury,-21599.734087524004,0.0,6433.281914864836,36866.26427443993,1.0,32.0,264.0,,,281.0,1216586.7210565177,1238186.4551440417,0.46,281.0,,,,,,,,,,,,0,
11,55,luxury,1192175.8036034151,17.0,2765.2430672005016,53074.5757976349,1.0,33.0,650.0,,,281.0,1698386.4255243167,506210.6219209016,0.535,281.0,,,,,,,,,,,,0,
12,55,luxury,-383524.0015546215,0.0,6789.8753075697905,24970.982849265136,1.0,32.0,184.0,,,281.0,824042.4340257494,1207566.435580371,0.5800000000000001,281.0,,,,,,,,,,,,0,
13,55,luxury,743126.4346719398,97.0,2891.3453569099706,39041.783018526294,1.0,33.0,1478.0,,,281.0,1249337.0565928414,506210.6219209016,0.6050000000000001,281.0,,,,,,,,,,,,0,
14,55,luxury,-157398.2340619741,0.0,7297.280819288208,33119.046815514215,1.0,32.0,431.0,,,281.0,1092928.544911969,1250326.778973943,0.6400000000000001,281.0,,,,,,,,,,,,0,
15,55,luxury,1544325.2882990846,0.0,3089.5060978819934,64079.24719437457,1.0,33.0,616.0,,,281.0,2050535.9102199862,506210.6219209016,0.7150000000000001,281.0,,,,,,,,,,,,0,
16,55,luxury,-365463.2419878519,0.0,7726.5531456960325,26307.6125304497,1.0,32.0,491.0,,,281.0,868151.2135048402,1233614.455492692,0.7600000000000001,281.0,,,,,,,,,,,,0,
17,55,luxury,1664950.8120196837,0.0,3305.681451669655,67848.79481064329,1.0,33.0,339.0,,,281.0,2171161.4339405852,506210.6219209016,0.8350000000000002,281.0,,,,,,,,,,,,0,
18,55,luxury,-320997.4531499004,0.0,8273.31929578348,28148.378421793124,1.0,32.0,406.0,,,281.0,928896.4879191731,1249893.9410690735,0.8600000000000002,281.0,,,,,,,,,,,,0,
19,55,luxury,1818592.100194256,0.0,3395.7545157478476,72650.08506609868,1.0,33.0,636.0,,,281.0,2324802.7221151576,506210.6219209016,0.8850000000000002,281.0,,,,,,,,,,,,0,
20,55,luxury,-259910.04503269645,0.0,8317.349963706389,28915.364209852884,1.0,32.0,375.0,,,281.0,954207.0189251452,1214117.0639578416,0.9250000000000003,281.0,,,,,,,,,,,,0,
21,55,luxury,1830964.7178805938,0.0,3584.907950312051,73036.72936879673,1.0,33.0,651.0,,,281.0,2337175.3398014954,506210.6219209016,0.9900000000000002,281.0,,,,,,,,,,,,0,
22,55,luxury,-208271.3673658889,0.0,8803.587407660814,30526.034364778374,1.0,32.0,460.0,,,281.0,1007359.1340376864,1215630.5014035753,1.0350000000000001,281.0,,,,,,,,,,,,0,
23,55,luxury,1967597.4396317874,0.0,3801.0833040997127,77306.50192352153,1.0,33.0,874.0,,,281.0,2473808.061552689,506210.6219209016,1.11,281.0,,,,,,,,,,,,0,
24,55,luxury,-204129.11085315887,0.0,9711.533413516278,32366.800256121798,1.0,32.0,327.0,,,281.0,1068104.4084520193,1272233.5193051782,1.145,281.0,,,,,,,,,,,,0,
25,55,luxury,2222730.2672771728,0.0,3999.2440450717345,85279.40278743982,1.0,33.0,1342.0,,,281.0,2728940.889198074,506210.6219209016,1.22,281.0,,,,,,,,,,,,0,
26,55,luxury,-187938.3570143201,0.0,10573.164516764597,34054.16898985326,1.0,32.0,216.0,,,281.0,1123787.5766651575,1311725.9336794775,1.265,281.0,,,,,,,,,,,,0,
27,55,luxury,1777592.9137002511,65.0,4161.37556041248,71368.86048816102,1.0,33.0,1199.0,,,281.0,2283803.5356211527,506210.6219209016,1.3099999999999998,281.0,,,,,,,,,,,,0,
28,55,luxury,165684.60302775842,0.0,10678.385754740726,43631.39223947631,1.0,32.0,471.0,,,281.0,1439835.9439027181,1274151.3408749597,1.3549999999999998,281.0,,,,,,,,,,,,0,
29,55,luxury,2494415.775161242,0.0,4377.550914200142,93769.574908817,1.0,33.0,1021.0,,,281.0,3000626.397082144,506210.6219209016,1.4299999999999997,281.0,,,,,,,,,,,,0,
30,55,luxury,-17842.384062979603,0.0,10947.180675275818,37275.50929970424,1.0,32.0,435.0,,,281.0,1230091.80689024,1247934.1909532195,1.4649999999999996,281.0,,,,,,,,,,,,0,
31,55,luxury,2569947.147831603,0.0,4557.697042356525,96129.93030476577,1.0,33.0,1839.0,,,281.0,3076157.769752505,506210.6219209016,1.5299999999999996,281.0,,,,,,,,,,,,0,
32,55,luxury,-21884.65238941321,0.0,11890.258470543367,38809.48087582375,1.0,32.0,601.0,,,281.0,1280712.8689021836,1302597.5212915968,1.5649999999999995,281.0,,,,,,,,,,,,0,
33,55,luxury,2834952.0083017843,0.0,4755.857783328549,104411.33219445894,1.0,33.0,1176.0,,,281.0,3341162.630222686,506210.6219209016,1.6399999999999995,281.0,,,,,,,,,,,,0,
34,55,luxury,19934.59251106996,0.0,12578.999879656289,40496.84960955522,1.0,32.0,554.0,,,281.0,1336396.0371153222,1316461.4446042522,1.6849999999999994,281.0,,,,,,,,,,,,0,
35,55,luxury,3028488.344262515,0.0,4972.03313711621,110459.34269323178,1.0,33.0,1949.0,,,281.0,3534698.966183417,506210.6219209016,1.7599999999999993,281.0,,,,,,,,,,,,0,
36,55,luxury,176870.47717076587,0.0,12094.143279698797,42337.61550089864,1.0,32.0,324.0,,,281.0,1397141.311529655,1220270.8343588891,1.7849999999999993,281.0,,,,,,,,,,,,0,
37,55,luxury,2892243.6396744605,0.0,5134.164652456955,106201.69567485506,1.0,33.0,1693.0,,,281.0,3398454.261595362,506210.6219209016,1.8499999999999992,281.0,,,,,,,,,,,,0,
38,55,luxury,215253.57988338755,0.0,12645.758532179021,43718.1899194062,1.0,32.0,563.0,,,281.0,1442700.2673404044,1227446.687457017,1.8949999999999991,281.0,,,,,,,,,,,,0,
39,55,luxury,3047247.525621403,0.0,5350.340006244616,111045.56711069703,1.0,33.0,1378.0,,,281.0,3553458.147542305,506210.6219209016,1.969999999999999,281.0,,,,,,,,,,,,0,
40,55,luxury,179471.64021027088,0.0,14158.510889617828,45558.95581074961,1.0,32.0,761.0,,,281.0,1503445.5417547373,1323973.9015444664,2.004999999999999,281.0,,,,,,,,,,,,0,
11,18,necessity,552742.1959772191,1781.0,3321.460796606081,17769.815261842534,0.0,41.0,128.0,,,3452.0,710792.6104737014,158050.4144964822,0.35,0.0,,,,,,,,,,,,0,
12,18,necessity,41599.99156099919,1653.0,3321.460796606081,10369.438584526302,0.0,40.0,154.0,,,3452.0,425146.9819655784,383546.9904045792,0.35,0.0,,,,,,,,,,,,0,
13,18,necessity,353454.5481808543,1499.0,3321.460796606081,12787.624066933413,0.0,41.0,17.0,,,3452.0,511504.96267733653,158050.4144964822,0.35,0.0,,,,,,,,,,,,0,
14,18,necessity,-331796.9404636791,1482.0,3321.460796606081,1377.1910620073995,0.0,40.0,43.0,,,3452.0,56464.83354230338,388261.77400598244,0.35,0.0,,,,,,,,,,,,0,
15,18,necessity,-15227.60024242071,1439.0,3321.460796606081,3570.570356351537,0.0,41.0,76.0,,,3452.0,142822.8142540615,158050.4144964822,0.35,0.0,,,,,,,,,,,,0,
16,18,necessity,-163306.20837535773,1363.0,3321.460796606081,6156.854159562492,0.0,42.0,69.0,,,3452.0,252431.02054206218,415737.2289174199,0.35,0.0,,,,,,,,,,,,0,
17,18,necessity,-347938.30151643313,1294.0,3321.460796606081,5456.685594424276,0.0,41.0,265.0,,,3452.0,229180.7949658196,577119.0964822527,0.35,0.0,,,,,,,,,,,,0,
18,18,necessity,560754.8290392965,1029.0,3321.460796606081,21467.97831952711,0.0,42.0,111.0,,,3452.0,880187.1111006115,319432.282061315,0.35,0.0,,,,,,,,,,,,0,
19,18,necessity,-210053.02225230559,918.0,3321.460796606081,8778.146391030357,0.0,41.0,119.0,,,3452.0,368682.14842327504,578735.1706755806,0.35,0.0,,,,,,,,,,,,0,
20,18,necessity,75821.55273480865,799.0,3321.460796606081,9640.337434051797,0.0,42.0,51.0,,,3452.0,395253.8347961237,319432.282061315,0.35,0.0,,,,,,,,,,,,0,
21,18,necessity,-484872.98143440485,748.0,3321.460796606081,4033.2023958788127,0.0,41.0,119.0,,,3452.0,169394.50062691013,654267.482061315,0.35,0.0,,,,,,,,,,,,0,
22,18,necessity,75821.55273480865,629.0,3321.460796606081,9640.337434051797,0.0,42.0,197.0,,,3452.0,395253.8347961237,319432.282061315,0.35,0.0,,,,,,,,,,,,0,
23,18,necessity,106383.74488982873,432.0,3321.460796606081,15579.232784080905,0.0,43.0,145.0,,,3452.0,654327.776931398,547944.0320415692,0.35,0.0,,,,,,,,,,,,0,
24,18,necessity,-348282.5597742559,287.0,3321.460796606081,11200.274779253064,0.0,42.0,308.0,,,3452.0,481611.81550788175,829894.3752821377,0.35,0.0,,,,,,,,,,,,0,
33,18,necessity,-988236.6279852238,130.0,154720.3973304596,0.0,0.0,43.0,0.0,,,3452.0,0.0,988236.6279852238,0.35,0.0,,,,,,,,,,,,0,
34,18,necessity,-767178.8785020869,130.0,154720.3973304596,0.0,0.0,44.0,0.0,,,3452.0,0.0,767178.8785020869,0.35,0.0,,,,,,,,,,,,0,
35,18,necessity,-1031427.110050335,130.0,154720.3973304596,0.0,0.0,45.0,0.0,,,3452.0,0.0,1031427.110050335,0.35,0.0,,,,,,,,,,,,0,
36,18,necessity,-1406807.4415873454,130.0,154720.3973304596,0.0,0.0,46.0,0.0,,,3452.0,0.0,1406807.4415873454,0.35,0.0,,,,,,,,,,,,0,
37,18,necessity,-1672023.104124012,130.0,154720.3973304596,0.0,0.0,47.0,0.0,,,3452.0,0.0,1672023.104124012,0.35,0.0,,,,,,,,,,,,0,
38,18,necessity,-1856726.462730644,130.0,154720.3973304596,0.0,0.0,48.0,0.0,,,3452.0,0.0,1856726.462730644,0.35,0.0,,,,,,,,,,,,0,
39,18,necessity,-2098840.4638022813,130.0,154720.3973304596,0.0,0.0,49.0,0.0,,,3452.0,0.0,2098840.4638022813,0.35,0.0,,,,,,,,,,,,0,
40,18,necessity,-2281461.7180891912,130.0,154720.3973304596,0.0,0.0,50.0,0.0,,,3452.0,0.0,2281461.7180891912,0.35,0.0,,,,,,,,,,,,0,
41,18,necessity,-2477290.569058612,130.0,154720.3973304596,0.0,0.0,51.0,0.0,,,3452.0,0.0,2477290.569058612,0.35,0.0,,,,,,,,,,,,0,
11,27,necessity,-858012.4075099146,0.0,369.56011507225867,15208.511645748144,1.0,22.0,1950.0,,,4301.0,319378.744560711,1177391.1520706257,0.35,4301.0,,,,,,,,,,,,0,
12,27,necessity,566666.9760134777,2351.0,48.32982684519793,32756.46474504111,1.0,23.0,38550.0,,,4301.0,720642.2243909044,153975.24837742676,0.35,4301.0,,,,,,,,,,,,0,
13,27,necessity,-59806.35712712078,0.0,119.68149105723738,13977.826442358983,1.0,22.0,14251.0,,,4301.0,321490.0081742566,381296.3653013774,0.35,4301.0,,,,,,,,,,,,0,
14,27,necessity,360774.8446597512,0.0,48.32982684519793,23397.73150168991,1.0,23.0,31774.0,,,4301.0,514750.093037178,153975.24837742676,0.35,4301.0,,,,,,,,,,,,0,
15,27,necessity,-180915.84423531286,0.0,122.03122057620463,9037.677620052013,1.0,22.0,15326.0,,,4301.0,207866.58526119628,388782.42949650914,0.35,4301.0,,,,,,,,,,,,0,
16,27,necessity,370881.0313208294,0.0,48.32982684519793,23857.103622648006,1.0,23.0,36293.0,,,4301.0,524856.2796982562,153975.24837742676,0.35,4301.0,,,,,,,,,,,,0,
17,27,necessity,-185125.6379072255,0.0,123.35259268868096,9037.677620052013,1.0,22.0,12113.0,,,4301.0,207866.58526119628,392992.22316842177,0.35,4301.0,,,,,,,,,,,,0,
18,27,necessity,376564.25277659006,0.0,48.32982684519793,24115.431870637127,1.0,23.0,27947.0,,,4301.0,530539.5011540168,153975.24837742676,0.35,4301.0,,,,,,,,,,,,0,
19,27,necessity,-165279.50372508724,0.0,117.12327831070901,9037.677620052013,1.0,22.0,11975.0,,,4301.0,207866.58526119628,373146.0889862835,0.35,4301.0,,,,,,,,,,,,0,
20,27,necessity,349771.9716369327,0.0,48.32982684519793,22897.60090974361,1.0,23.0,32781.0,,,4301.0,503747.22001435945,153975.24837742676,0.35,4301.0,,,,,,,,,,,,0,
21,27,necessity,-167306.42474846265,0.0,117.75948928046503,9037.677620052013,1.0,22.0,10220.0,,,4301.0,207866.58526119628,375173.01000965893,0.35,4301.0,,,,,,,,,,,,0,
22,27,necessity,352508.31501785334,0.0,48.32982684519793,23021.980154330915,1.0,23.0,17533.0,,,4301.0,506483.5633952801,153975.24837742676,0.35,4301.0,,,,,,,,,,,,0,
23,27,necessity,-170782.96814654136,0.0,118.85070843561849,9037.677620052013,1.0,22.0,11856.0,,,4301.0,207866.58526119628,378649.55340773764,0.35,4301.0,,,,,,,,,,,,0,
24,27,necessity,357201.6486041683,0.0,48.32982684519793,23235.313499163414,1.0,23.0,30481.0,,,4301.0,511176.8969815951,153975.24837742676,0.35,4301.0,,,,,,,,,,,,0,
25,27,necessity,-152977.86863286604,0.0,113.26203502527832,9037.677620052013,1.0,22.0,8151.0,,,4301.0,207866.58526119628,360844.4538940623,0.35,4301.0,,,,,,,,,,,,0,
26,27,necessity,333164.7642662953,0.0,48.32982684519793,22142.72784744191,1.0,23.0,34459.0,,,4301.0,487140.01264372206,153975.24837742676,0.35,4301.0,,,,,,,,,,,,0,
27,27,necessity,-166906.1253754665,0.0,117.63384311598719,9037.677620052013,1.0,22.0,3681.0,,,4301.0,207866.58526119628,374772.7106366628,0.35,4301.0,,,,,,,,,,,,0,
28,27,necessity,279034.9281325221,620.0,48.32982684519793,19682.28075045222,1.0,23.0,30247.0,,,4301.0,433010.17650994885,153975.24837742676,0.35,4301.0,,,,,,,,,,,,0,
29,27,necessity,-130071.95791691032,0.0,115.4775861995808,10340.481648053,1.0,22.0,5000.0,,,4301.0,237831.07790521902,367903.03582212934,0.35,4301.0,,,,,,,,,,,,0,
30,27,necessity,342693.84986697027,0.0,48.32982684519793,22575.86810201805,1.0,23.0,32341.0,,,4301.0,496669.098244397,153975.24837742676,0.35,4301.0,,,,,,,,,,,,0,
31,27,necessity,-216556.22701129699,0.0,133.21804148678163,9037.677620052013,1.0,22.0,9961.0,,,4301.0,207866.58526119628,424422.81227249326,0.35,4301.0,,,,,,,,,,,,0,
32,27,necessity,418995.548057221,0.0,48.32982684519793,26044.127110665806,1.0,23.0,49772.0,,,4301.0,572970.7964346478,153975.24837742676,0.35,4301.0,,,,,,,,,,,,0,
33,27,necessity,-160794.9346346714,0.0,115.71565955445378,9037.677620052013,1.0,22.0,5736.0,,,4301.0,207866.58526119628,368661.5198958677,0.35,4301.0,,,,,,,,,,,,0,
34,27,necessity,343717.80336627894,0.0,48.32982684519793,22622.411442895715,1.0,23.0,31080.0,,,4301.0,497693.0517437057,153975.24837742676,0.35,4301.0,,,,,,,,,,,,0,
35,27,necessity,-169421.0994908105,0.0,118.42324443078027,9037.677620052013,1.0,22.0,11455.0,,,4301.0,207866.58526119628,377287.6847520068,0.35,4301.0,,,,,,,,,,,,0,
36,27,necessity,355363.1259193592,0.0,48.32982684519793,23151.744286217545,1.0,23.0,46771.0,,,4301.0,509338.374296786,153975.24837742676,0.35,4301.0,,,,,,,,,,,,0,
37,27,necessity,-148957.4075004557,0.0,112.00009070361081,9037.677620052013,1.0,22.0,14433.0,,,4301.0,207866.58526119628,356823.992761652,0.35,4301.0,,,,,,,,,,,,0,
38,27,necessity,327737.1417388033,0.0,48.32982684519793,21896.017732555913,1.0,23.0,61000.0,,,4301.0,481712.39011623006,153975.24837742676,0.35,4301.0,,,,,,,,,,,,0,
39,27,necessity,-162260.94821828228,0.0,116.17581262058131,9037.677620052013,1.0,22.0,6459.0,,,4301.0,207866.58526119628,370127.53347947856,0.35,4301.0,,,,,,,,,,,,0,
40,27,necessity,345696.92170369346,0.0,48.32982684519793,22712.371367323645,1.0,23.0,50555.0,,,4301.0,499672.1700811202,153975.24837742676,0.35,4301.0,,,,,,,,,,,,0,
41,27,necessity,-153354.33063179624,0.0,113.38019910303643,9037.677620052013,1.0,22.0,7966.0,,,4301.0,207866.58526119628,361220.9158929925,0.35,4301.0,,,,,,,,,,,,0,
