data/saved_data/run_2025_05_06_2131_new_production_level_with_2000_households/firm_data.csv
Step,AgentID,FirmType,Profit,Inventory,ProductPrice,RevenuePerEmployee,ProductionLevel,NumEmployees,DemandReceived,InventoryDemandRatio,SellThroughRate,ProductionCapacity,Revenue,Costs,Markup,ProducedUnits,IncomeBracket,NumPeople,SpendRatio,PostTaxIncome,HouseholdExpense,HouseholdSavings,HealthLevel,Welfare,SkillLevel,SkillType,JobLevel,IsEmployed,Wage
12,3,necessity,-6332256.8059216915,0.0,1225.5525505577684,6379.598491954177,1.0,101.0,117.0,,,7678.0,637959.8491954177,6970216.655117109,0.35,7678.0,,,,,,,,,,,,0,
13,3,necessity,-53506.33734150897,7561.0,34.619638022534126,1419.6994892599892,1.0,100.0,56226.0,,,7678.0,143389.6484152589,196895.98575676788,0.35,7678.0,,,,,,,,,,,,0,
14,3,necessity,-6442647.991291712,0.0,1225.5525505577684,5275.686638253975,1.0,101.0,607.0,,,7678.0,527568.6638253975,6970216.655117109,0.35,7678.0,,,,,,,,,,,,0,
15,3,necessity,542948.4567739364,7071.0,35.33454296358617,7365.449487015499,1.0,102.0,65867.0,,,7678.0,743910.3981885654,200961.94141462902,0.35,7678.0,,,,,,,,,,,,0,
16,3,necessity,-22124.71146609704,0.0,95.52223827990592,5109.305629116985,1.0,101.0,4532.0,,,7678.0,521149.1741699325,543273.8856360295,0.35,7678.0,,,,,,,,,,,,0,
17,3,necessity,231944.8424699046,3146.0,35.33454296358617,4286.205781034986,1.0,100.0,55942.0,,,7678.0,432906.7838845336,200961.94141462902,0.35,7678.0,,,,,,,,,,,,0,
18,3,necessity,-6587755.562079253,0.0,1225.5525505577684,3824.6109303785674,1.0,99.0,351.0,,,7678.0,382461.09303785674,6970216.655117109,0.35,7678.0,,,,,,,,,,,,0,
19,3,necessity,-6470601.709871333,7327.0,1213.3420660581864,4345.140861068452,1.0,100.0,708.0,,,7678.0,430168.94524577673,6900770.655117109,0.35,7678.0,,,,,,,,,,,,0,
20,3,necessity,661156.8292604468,14297.0,34.794298932276256,8590.46182769196,1.0,101.0,64684.0,,,7678.0,859046.182769196,197889.3535087492,0.35,7678.0,,,,,,,,,,,,0,
21,3,necessity,298782.58925088076,0.0,81.90412544009473,7570.343752839314,1.0,100.0,9163.0,,,7678.0,764604.7190367708,465822.12978589,0.35,7678.0,,,,,,,,,,,,0,
22,3,necessity,430970.52162029815,0.0,34.794298932276256,6288.598751290473,1.0,99.0,51674.0,,,7678.0,628859.8751290473,197889.3535087492,0.35,7678.0,,,,,,,,,,,,0,
23,3,necessity,-6633620.027915092,0.0,1213.3420660581864,2698.4911838587586,1.0,98.0,778.0,,,7678.0,267150.6272020171,6900770.655117109,0.35,7678.0,,,,,,,,,,,,0,
24,3,necessity,-5887344.52772384,6900.0,1201.1315815586047,9632.450279523155,1.0,99.0,384.0,,,7678.0,943980.1273932691,6831324.655117109,0.35,7678.0,,,,,,,,,,,,0,
25,3,necessity,236138.76295830525,14194.0,39.57792157419779,4658.93461937883,1.0,98.0,37929.0,,,7678.0,461234.5273185042,225095.76436019893,0.35,7678.0,,,,,,,,,,,,0,
26,3,necessity,-5965676.354446256,0.0,1201.1315815586047,8833.145925212797,1.0,99.0,264.0,,,7678.0,865648.300670854,6831324.655117109,0.35,7678.0,,,,,,,,,,,,0,
27,3,necessity,101436.27120093044,7414.0,37.91929272054068,3203.017550822946,1.0,98.0,27407.0,,,7678.0,317098.73753147165,215662.4663305412,0.35,7678.0,,,,,,,,,,,,0,
28,3,necessity,-6259046.6893787095,0.0,1201.1315815586047,5839.571078963265,1.0,99.0,464.0,,,7678.0,572277.9657384,6831324.655117109,0.35,7678.0,,,,,,,,,,,,0,
29,3,necessity,335626.4360207799,7214.0,38.98061135989534,5629.545998416086,1.0,98.0,40735.0,,,7678.0,557325.0538431925,221698.6178224126,0.35,7678.0,,,,,,,,,,,,0,
30,3,necessity,-6250825.390745548,0.0,1201.1315815586047,5923.461881342464,1.0,99.0,1032.0,,,7678.0,580499.2643715615,6831324.655117109,0.35,7678.0,,,,,,,,,,,,0,
31,3,necessity,1027998.7034121358,6646.0,37.19956626515566,12520.886789580607,1.0,100.0,31820.0,,,7678.0,1239567.79216848,211569.08875634425,0.35,7678.0,,,,,,,,,,,,0,
32,3,necessity,58758.83053652826,0.0,83.35744613026186,5328.465871820897,1.0,99.0,18696.0,,,7678.0,532846.5871820897,474087.7566455614,0.35,7678.0,,,,,,,,,,,,0,
33,3,necessity,428449.3826318063,0.0,37.19956626515566,6464.833044324753,1.0,100.0,32597.0,,,7678.0,640018.4713881506,211569.08875634425,0.35,7678.0,,,,,,,,,,,,0,
34,3,necessity,-182664.91718315444,0.0,82.33684583526174,2856.182697838651,1.0,99.0,15426.0,,,7678.0,285618.26978386514,468283.1869670196,0.35,7678.0,,,,,,,,,,,,0,
35,3,necessity,420613.21356679534,0.0,37.19956626515566,6385.679821445855,1.0,100.0,38804.0,,,7678.0,632182.3023231396,211569.08875634425,0.35,7678.0,,,,,,,,,,,,0,
36,3,necessity,-193955.61507513485,0.0,84.32205580559103,2856.182697838651,1.0,99.0,8558.0,,,7678.0,285618.26978386514,479573.884859,0.35,7678.0,,,,,,,,,,,,0,
37,3,necessity,435855.65571898373,0.0,37.19956626515566,6539.643883589172,1.0,100.0,21730.0,,,7678.0,647424.744475328,211569.08875634425,0.35,7678.0,,,,,,,,,,,,0,
38,3,necessity,-187415.03115152003,0.0,83.17204430575644,2856.182697838651,1.0,99.0,17032.0,,,7678.0,285618.26978386514,473033.30093538517,0.35,7678.0,,,,,,,,,,,,0,
39,3,necessity,427025.8674232537,0.0,37.19956626515566,6450.454102824222,1.0,100.0,27938.0,,,7678.0,638594.956179598,211569.08875634425,0.35,7678.0,,,,,,,,,,,,0,
40,3,necessity,-184658.873095917,0.0,82.68743719784038,2856.182697838651,1.0,99.0,15009.0,,,7678.0,285618.26978386514,470277.1428797821,0.35,7678.0,,,,,,,,,,,,0,
41,3,necessity,423305.0540486742,0.0,37.19956626515566,6412.870129343621,1.0,100.0,40282.0,,,7678.0,634874.1428050185,211569.08875634425,0.35,7678.0,,,,,,,,,,,,0,
14,13,necessity,-105380.08592319768,0.0,95.9945830160947,7382.351652830778,1.0,49.0,23433.0,,,6673.0,369117.58264153893,474497.6685647366,0.35,6673.0,,,,,,,,,,,,0,
15,13,necessity,419710.64024713694,0.0,44.681947617461866,13072.894948293875,1.0,50.0,13569.0,,,6673.0,640571.8524663999,220861.21221926296,0.35,6673.0,,,,,,,,,,,,0,
16,13,necessity,-167405.12541302916,0.0,94.18799316989173,5963.252729026461,1.0,49.0,22780.0,,,6673.0,298162.63645132305,465567.7618643522,0.35,6673.0,,,,,,,,,,,,0,
17,13,necessity,407655.26620342454,0.0,44.681947617461866,12826.86690658546,1.0,50.0,21967.0,,,6673.0,628516.4784226875,220861.21221926296,0.35,6673.0,,,,,,,,,,,,0,
18,13,necessity,-175030.42243829631,0.0,95.73065029300997,5963.252729026461,1.0,49.0,17707.0,,,6673.0,298162.63645132305,473193.05888961937,0.35,6673.0,,,,,,,,,,,,0,
19,13,necessity,417949.4171859926,0.0,44.681947617461866,13036.95162051542,1.0,50.0,11511.0,,,6673.0,638810.6294052555,220861.21221926296,0.35,6673.0,,,,,,,,,,,,0,
20,13,necessity,-191275.43381144985,0.0,99.01714292757774,5963.252729026461,1.0,49.0,6120.0,,,6673.0,298162.63645132305,489438.0702627729,0.35,6673.0,,,,,,,,,,,,0,
21,13,necessity,385123.7024975128,553.0,44.681947617461866,12367.039075852566,1.0,50.0,9692.0,,,6673.0,605984.9147167758,220861.21221926296,0.35,6673.0,,,,,,,,,,,,0,
22,13,necessity,-240185.5325107582,0.0,113.91088505600405,6457.435069675589,1.0,49.0,506.0,,,6673.0,322871.75348377944,563057.2859945376,0.35,6673.0,,,,,,,,,,,,0,
23,13,necessity,-163222.3043809249,6167.0,44.681947617461866,1176.3042415987356,1.0,48.0,20675.0,,,6673.0,57638.90783833805,220861.21221926296,0.35,6673.0,,,,,,,,,,,,0,
24,13,necessity,-2580928.276844425,0.0,638.2092092166715,11952.42098767105,1.0,49.0,1397.0,,,6673.0,573716.2074082104,3154644.4842526354,0.35,6673.0,,,,,,,,,,,,0,
25,13,necessity,690160.2448559514,5276.0,40.74843811267779,18195.474801544697,1.0,50.0,13460.0,,,6673.0,891578.2652756901,201418.02041973875,0.35,6673.0,,,,,,,,,,,,0,
26,13,necessity,37866.45101681305,0.0,90.84361733819588,9738.061740167737,1.0,49.0,5401.0,,,6673.0,486903.0870083869,449036.63599157386,0.35,6673.0,,,,,,,,,,,,0,
27,13,necessity,289228.3568238572,1272.0,40.74843811267779,10013.191372318284,1.0,50.0,24799.0,,,6673.0,490646.37724359595,201418.02041973875,0.35,6673.0,,,,,,,,,,,,0,
28,13,necessity,-147537.73386401183,0.0,95.34444788073209,6474.9268161045,1.0,49.0,11200.0,,,6673.0,323746.340805225,471284.07466923684,0.35,6673.0,,,,,,,,,,,,0,
29,13,necessity,434815.48028838646,0.0,40.74843811267779,12984.357157308677,1.0,50.0,24798.0,,,6673.0,636233.5007081252,201418.02041973875,0.35,6673.0,,,,,,,,,,,,0,
30,13,necessity,-177882.45713643543,0.0,90.99740134919136,5438.286550517977,1.0,49.0,10148.0,,,6673.0,271914.3275258989,449796.7846623343,0.35,6673.0,,,,,,,,,,,,0,
31,13,necessity,405807.6387834152,0.0,40.74843811267779,12392.3603919011,1.0,50.0,19130.0,,,6673.0,607225.6592031539,201418.02041973875,0.35,6673.0,,,,,,,,,,,,0,
32,13,necessity,-200890.82990884455,0.0,95.65217480012758,5438.286550517977,1.0,49.0,15086.0,,,6673.0,271914.3275258989,472805.1574347434,0.35,6673.0,,,,,,,,,,,,0,
33,13,necessity,436868.94202151266,0.0,40.74843811267779,13026.264539617376,1.0,50.0,54555.0,,,6673.0,638286.9624412514,201418.02041973875,0.35,6673.0,,,,,,,,,,,,0,
34,13,necessity,-200903.68406324775,0.0,95.65477529592285,5438.286550517977,1.0,49.0,21425.0,,,6673.0,271914.3275258989,472818.0115891466,0.35,6673.0,,,,,,,,,,,,0,
35,13,necessity,436886.29512995447,0.0,40.74843811267779,13026.618684687615,1.0,50.0,28977.0,,,6673.0,638304.3155496932,201418.02041973875,0.35,6673.0,,,,,,,,,,,,0,
36,13,necessity,-192101.94085098535,0.0,93.87411392401013,5438.286550517977,1.0,49.0,21827.0,,,6673.0,271914.3275258989,464016.2683768842,0.35,6673.0,,,,,,,,,,,,0,
37,13,necessity,425003.9417951809,0.0,40.74843811267779,12784.121677855503,1.0,50.0,32590.0,,,6673.0,626421.9622149196,201418.02041973875,0.35,6673.0,,,,,,,,,,,,0,
38,13,necessity,-180884.08628917846,0.0,91.60465436216842,5438.286550517977,1.0,49.0,19852.0,,,6673.0,271914.3275258989,452798.41381507734,0.35,6673.0,,,,,,,,,,,,0,
39,13,necessity,409859.8381390112,0.0,40.74843811267779,12475.058337933671,1.0,50.0,42511.0,,,6673.0,611277.8585587499,201418.02041973875,0.35,6673.0,,,,,,,,,,,,0,
40,13,necessity,-210299.64501416078,0.0,97.55565155575077,5438.286550517977,1.0,49.0,22772.0,,,6673.0,271914.3275258989,482213.97254005965,0.35,6673.0,,,,,,,,,,,,0,
41,13,necessity,449570.8424117862,0.0,40.74843811267779,13285.486996561733,1.0,50.0,34716.0,,,6673.0,650988.8628315249,201418.02041973875,0.35,6673.0,,,,,,,,,,,,0,
14,15,necessity,-156293.35100772418,9941.0,915.2800578749677,7125.568715026608,0.0,122.0,493.0,,,8713.0,862193.8145182196,1018487.1655259437,0.35,0.0,,,,,,,,,,,,0,
15,15,necessity,-739882.8975312843,9448.0,915.2800578749677,3698.631709281632,0.0,121.0,753.0,,,8713.0,451233.0685323591,1191115.9660636433,0.35,0.0,,,,,,,,,,,,0,
16,15,necessity,-92974.4685028817,8695.0,915.2800578749677,5695.916393221906,0.0,122.0,912.0,,,8713.0,689205.8835798507,782180.3520827324,0.35,0.0,,,,,,,,,,,,0,
17,15,necessity,-206726.0035678898,7783.0,915.2800578749677,6842.093547393201,0.0,123.0,847.0,,,8713.0,834735.4127819706,1041461.4163498604,0.35,0.0,,,,,,,,,,,,0,
18,15,necessity,-671777.0576344609,6936.0,915.2800578749677,6302.782187155265,0.0,122.0,785.0,,,8713.0,775242.2090200976,1447019.2666545585,0.35,0.0,,,,,,,,,,,,0,
19,15,necessity,-322966.57091801066,6151.0,915.2800578749677,5889.302011736473,0.0,121.0,1541.0,,,8713.0,718494.8454318497,1041461.4163498604,0.35,0.0,,,,,,,,,,,,0,
20,15,necessity,619998.9763756536,4610.0,915.2800578749677,11656.583216407646,0.0,122.0,810.0,,,8713.0,1410446.5691853252,790447.5928096715,0.35,0.0,,,,,,,,,,,,0,
21,15,necessity,-333558.10142025526,3800.0,915.2800578749677,6076.859400645278,0.0,121.0,439.0,,,8713.0,741376.8468787238,1074934.948298979,0.35,0.0,,,,,,,,,,,,0,
22,15,necessity,-413845.93862474035,3361.0,915.2800578749677,3320.7268215463705,0.0,120.0,659.0,,,8713.0,401807.94540711085,815653.8840318512,0.35,0.0,,,,,,,,,,,,0,
23,15,necessity,72003.02959706017,2702.0,915.2800578749677,5026.412984496697,0.0,121.0,470.0,,,8713.0,603169.5581396037,531166.5285425435,0.35,0.0,,,,,,,,,,,,0,
24,15,necessity,-378020.4764042231,2232.0,915.2800578749677,3555.220059514337,0.0,120.0,1005.0,,,8713.0,430181.6272012348,808202.1036054579,0.35,0.0,,,,,,,,,,,,0,
25,15,necessity,388689.92962179903,1227.0,915.2800578749677,7665.470484702854,0.0,121.0,533.0,,,8713.0,919856.4581643426,531166.5285425435,0.35,0.0,,,,,,,,,,,,0,
38,15,necessity,58160.24687943258,439.0,26890.550169836697,10275.250877905079,0.0,124.0,47.0,,,8713.0,1263855.8579823247,1205695.611102892,0.35,0.0,,,,,,,,,,,,0,
39,15,necessity,-340440.0199646901,392.0,26890.550169836697,10192.38595147036,0.0,123.0,69.0,,,8713.0,1263855.8579823247,1604295.8779470148,0.35,0.0,,,,,,,,,,,,0,
40,15,necessity,649752.3506158399,323.0,26890.550169836697,15084.942778201073,0.0,124.0,43.0,,,8713.0,1855447.961718732,1205695.611102892,0.35,0.0,,,,,,,,,,,,0,
41,15,necessity,-444390.9924878322,280.0,26890.550169836697,9324.948849217564,0.0,123.0,49.0,,,8713.0,1156293.657302978,1600684.6497908102,0.35,0.0,,,,,,,,,,,,0,
17,12,necessity,563049.6855296222,1086.0,62.917697310643874,12618.59066338954,1.0,65.0,6549.0,,,5247.0,807589.8024569305,244540.11692730823,0.35,5247.0,,,,,,,,,,,,0,
18,12,necessity,-136731.05307431356,0.0,137.69866982177243,6130.119647204732,1.0,64.0,3982.0,,,5247.0,398457.7770683076,535188.8301426212,0.35,5247.0,,,,,,,,,,,,0,
19,12,necessity,303775.98630298954,1265.0,62.917697310643874,8567.439112973403,1.0,65.0,10551.0,,,5247.0,548316.1032302978,244540.11692730823,0.35,5247.0,,,,,,,,,,,,0,
20,12,necessity,-115035.5938321146,0.0,135.0143152536064,6303.385305952506,1.0,64.0,3846.0,,,5247.0,409720.0448869129,524755.6387190275,0.35,5247.0,,,,,,,,,,,,0,
21,12,necessity,274724.9395380621,1401.0,62.917697310643874,8113.516507271411,1.0,65.0,14847.0,,,5247.0,519265.0564653703,244540.11692730823,0.35,5247.0,,,,,,,,,,,,0,
22,12,necessity,-144519.94676684437,0.0,144.801920681152,6435.028488017853,1.0,64.0,4983.0,,,5247.0,418276.85172116046,562796.7984880048,0.35,5247.0,,,,,,,,,,,,0,
23,12,necessity,477007.8538268722,264.0,62.917697310643874,11274.18704303407,1.0,65.0,13301.0,,,5247.0,721547.9707541805,244540.11692730823,0.35,5247.0,,,,,,,,,,,,0,
24,12,necessity,-235828.48591801804,0.0,149.88882907871724,5334.452767368591,1.0,64.0,3461.0,,,5247.0,346739.4298789584,582567.9157969764,0.35,5247.0,,,,,,,,,,,,0,
25,12,necessity,274225.1205141321,1786.0,62.917697310643874,8105.706835022505,1.0,65.0,7337.0,,,5247.0,518765.23744144035,244540.11692730823,0.35,5247.0,,,,,,,,,,,,0,
26,12,necessity,-81338.69149525848,0.0,134.77843651316834,6807.694849011667,1.0,64.0,7968.0,,,5247.0,442500.1651857584,523838.85668101686,0.35,5247.0,,,,,,,,,,,,0,
27,12,necessity,462642.33945728606,0.0,62.917697310643874,11049.725881009286,1.0,65.0,11468.0,,,5247.0,707182.4563845943,244540.11692730823,0.35,5247.0,,,,,,,,,,,,0,
28,12,necessity,-284796.67056008254,0.0,158.21419251247903,5078.910119829975,1.0,64.0,4196.0,,,5247.0,330129.1577889484,614925.8283490309,0.35,5247.0,,,,,,,,,,,,0,
29,12,necessity,419326.63485505374,1051.0,62.917697310643874,10372.917996599406,1.0,65.0,14220.0,,,5247.0,663866.751782362,244540.11692730823,0.35,5247.0,,,,,,,,,,,,0,
30,12,necessity,-147752.09803876356,0.0,139.96769011943027,6096.240887114387,1.0,64.0,8451.0,,,5247.0,396255.65766243514,544007.7557011987,0.35,5247.0,,,,,,,,,,,,0,
31,12,necessity,489870.35312934243,0.0,62.917697310643874,11475.163594635167,1.0,65.0,17431.0,,,5247.0,734410.4700566507,244540.11692730823,0.35,5247.0,,,,,,,,,,,,0,
32,12,necessity,-212573.54229470785,0.0,139.63191251635297,5078.910119829975,1.0,64.0,9503.0,,,5247.0,330129.1577889484,542702.7000836562,0.35,5247.0,,,,,,,,,,,,0,
33,12,necessity,488108.52804599574,0.0,62.917697310643874,11447.635077707875,1.0,65.0,19723.0,,,5247.0,732648.644973304,244540.11692730823,0.35,5247.0,,,,,,,,,,,,0,
34,12,necessity,-194963.98783083388,0.0,135.10115236356106,5078.910119829975,1.0,64.0,9610.0,,,5247.0,330129.1577889484,525093.1456197823,0.35,5247.0,,,,,,,,,,,,0,
35,12,necessity,464335.6295242966,0.0,62.917697310643874,11076.183538306326,1.0,65.0,23854.0,,,5247.0,708875.7464516049,244540.11692730823,0.35,5247.0,,,,,,,,,,,,0,
36,12,necessity,-216139.65940349037,0.0,140.54943835891802,5078.910119829975,1.0,64.0,10062.0,,,5247.0,330129.1577889484,546268.8171924388,0.35,5247.0,,,,,,,,,,,,0,
37,12,necessity,492922.7861419346,0.0,62.917697310643874,11522.85786045692,1.0,65.0,14220.0,,,5247.0,737462.9030692428,244540.11692730823,0.35,5247.0,,,,,,,,,,,,0,
38,12,necessity,-216515.09004775132,0.0,140.64603286428408,5078.910119829975,1.0,64.0,17103.0,,,5247.0,330129.1577889484,546644.2478366997,0.35,5247.0,,,,,,,,,,,,0,
39,12,necessity,493429.61751159036,0.0,62.917697310643874,11530.777100607791,1.0,65.0,25230.0,,,5247.0,737969.7344388986,244540.11692730823,0.35,5247.0,,,,,,,,,,,,0,
40,12,necessity,-188269.08960650035,0.0,133.37862280359772,5078.910119829975,1.0,64.0,9519.0,,,5247.0,330129.1577889484,518398.24739544874,0.35,5247.0,,,,,,,,,,,,0,
41,12,necessity,455297.516923169,0.0,62.917697310643874,10934.963028913708,1.0,65.0,34210.0,,,5247.0,699837.6338504773,244540.11692730823,0.35,5247.0,,,,,,,,,,,,0,
